<html>
<body>
<pre>
<h1>µVision Build Log</h1>
<h2>Tool Versions:</h2>
IDE-Version: µVision V5.31.0.0
Copyright (C) 2020 ARM Ltd and ARM Germany GmbH. All rights reserved.
License Information: ECBME Dept. Ryerson University Flex license: MDK Professional 5.31 (Flex): 200 user(s) (mdk_pro) Operation stops: 21 Jun 2024
 
Tool Versions:
Toolchain:       MDK Professional 5.31 (Flex): 200 user(s)  Version: 5.31.0.0
Toolchain Path:  C:\Keil_v5\ARM\ARMCC\Bin
C Compiler:      Armcc.exe V5.06 update 6 (build 750)
Assembler:       Armasm.exe V5.06 update 6 (build 750)
Linker/Locator:  ArmLink.exe V5.06 update 6 (build 750)
Library Manager: ArmAr.exe V5.06 update 6 (build 750)
Hex Converter:   FromElf.exe V5.06 update 6 (build 750)
CPU DLL:         SARMCM3.DLL V5.31.0.0
Dialog DLL:      DARMP1.DLL V1.27.0.0
Target DLL:      UL2CM3.DLL V1.163.4.0
Dialog DLL:      TARMP1.DLL V1.26.0.0
 
<h2>Project:</h2>
S:\COE718\Final Project\Media Center Final\media_center.uvprojx
Project File Date:  11/29/2023

<h2>Output:</h2>
*** Using Compiler 'V5.06 update 6 (build 750)', folder: 'C:\Keil_v5\ARM\ARMCC\Bin'
Rebuild target 'Target 1'
Note: source file 'RTE\CMSIS\RTX_Conf_CM.c' - object file renamed from '.\Objects\RTX_Conf_CM.o' to '.\Objects\rtx_conf_cm_1.o'.
compiling adcuser.c...
compiling core_cm3.c...
compiling feathers.c...
feathers.c(7): warning:  #177-D: variable "GIMP_IMAGE1_pixel_data"  was declared but never referenced
  static const unsigned char GIMP_IMAGE1_pixel_data[320 * 140 * 2 + 1] =
feathers.c: 1 warning, 0 errors
compiling fur.c...
fur.c(7): warning:  #177-D: variable "GIMP_IMAGE2_pixel_data"  was declared but never referenced
  static const unsigned char GIMP_IMAGE2_pixel_data[320 * 140 * 2 + 1] =
fur.c: 1 warning, 0 errors
compiling GLCD_SPI_LPC1700.c...
compiling KBD.c...
compiling LED.c...
compiling main.c...
main.c(175): warning:  #940-D: missing return statement at end of non-void function "main_menu" 
  }
main.c: 1 warning, 0 errors
compiling scales.c...
scales.c(7): warning:  #177-D: variable "GIMP_IMAGE3_pixel_data"  was declared but never referenced
  static const unsigned char GIMP_IMAGE3_pixel_data[320 * 140 * 2 + 1] =
scales.c: 1 warning, 0 errors
compiling Thread.c...
compiling usbcore.c...
compiling usbdesc.c...
compiling usbdmain.c...
compiling usbhw.c...
compiling usbuser.c...
compiling system_LPC17xx.c...
assembling startup_LPC17xx.s...
compiling tictactoe.c...
compiling hoop.c...
hoop.c(149): warning:  #223-D: function "sprintf" declared implicitly
                sprintf(strscore, "%d", final_score);
hoop.c: 1 warning, 0 errors
compiling backboard.c...
backboard.c(7): warning:  #177-D: variable "GIMP_IMAGE5_pixel_data"  was declared but never referenced
  static const unsigned char GIMP_IMAGE5_pixel_data[263 * 240 * 2 + 1] =
backboard.c: 1 warning, 0 errors
compiling basketball.c...
basketball.c(7): warning:  #177-D: variable "GIMP_IMAGE4_pixel_data"  was declared but never referenced
  static const unsigned char GIMP_IMAGE4_pixel_data[50 * 50 * 2 + 1] =
basketball.c: 1 warning, 0 errors
compiling white.c...
white.c(6): warning:  #177-D: variable "white_pixel"  was declared but never referenced
  static const unsigned char white_pixel[RECTANGLE_HEIGHT][RECTANGLE_WIDTH] = {
white.c: 1 warning, 0 errors
compiling RTX_Conf_CM.c...
linking...
Program Size: Code=20096 RO-data=407384 RW-data=212 ZI-data=4708  
".\Objects\media_center.axf" - 0 Error(s), 8 Warning(s).

<h2>Software Packages used:</h2>

Package Vendor: ARM
                http://www.keil.com/pack/ARM.CMSIS.5.7.0.pack
                ARM.CMSIS.5.7.0
                CMSIS (Cortex Microcontroller Software Interface Standard)
   * Component: RTOS Version: 1.0.0
   * Component: CORE Version: 5.4.0
   * Component: Keil RTX Version: 4.82.0

Package Vendor: Keil
                http://www.keil.com/pack/Keil.LPC1700_DFP.2.6.0.pack
                Keil.LPC1700_DFP.2.6.0
                NXP LPC1700 Series Device Support, Drivers and Examples for MCB1700 and LPC1788-32

<h2>Collection of Component include folders:</h2>
  .\RTE\_Target_1
  C:\Users\ECBME\AppData\Local\Arm\Packs\ARM\CMSIS\5.7.0\CMSIS\Core\Include
  C:\Users\ECBME\AppData\Local\Arm\Packs\ARM\CMSIS\5.7.0\CMSIS\RTOS\RTX\INC
  C:\Users\ECBME\AppData\Local\Arm\Packs\Keil\LPC1700_DFP\2.6.0\Device\Include

<h2>Collection of Component Files used:</h2>

   * Component: ::CMSIS:RTOS:1.0.0 (API)

   * Component: ARM::CMSIS:CORE:5.4.0

   * Component: ARM::CMSIS:RTOS:Keil RTX:4.82.0
      Source file:   CMSIS\RTOS\RTX\SRC\ARM\SVC_Table.s
      Library file:  CMSIS\RTOS\RTX\LIB\ARM\RTX_CM3.lib
      Source file:   CMSIS\RTOS\RTX\UserCodeTemplates\MsgQueue.c
      Source file:   CMSIS\RTOS\RTX\UserCodeTemplates\Semaphore.c
      Source file:   CMSIS\RTOS\RTX\UserCodeTemplates\MemPool.c
      Source file:   CMSIS\RTOS\RTX\UserCodeTemplates\Thread.c
      Source file:   CMSIS\RTOS\RTX\UserCodeTemplates\Timer.c
      Source file:   CMSIS\RTOS\RTX\UserCodeTemplates\Mutex.c
      Source file:   CMSIS\RTOS\RTX\UserCodeTemplates\MailQueue.c
      Include file:  CMSIS\RTOS\RTX\INC\cmsis_os.h
      Source file:   CMSIS\RTOS\RTX\Templates\RTX_Conf_CM.c
      Include file:  CMSIS\RTOS\RTX\UserCodeTemplates\osObjects.h
      Source file:   CMSIS\RTOS\RTX\UserCodeTemplates\main.c
Build Time Elapsed:  00:00:20
</pre>
</body>
</html>
