Component: ARM Compiler 5.06 update 6 (build 750) Tool: armlink [4d35ed]

==============================================================================

Section Cross References

    adcuser.o(i.ADC_IF_GetRequest) refers to usbcore.o(.data) for SetupPacket
    adcuser.o(i.ADC_IF_GetRequest) refers to usbdmain.o(.data) for Mute
    adcuser.o(i.ADC_IF_GetRequest) refers to usbcore.o(.bss) for EP0Buf
    adcuser.o(i.ADC_IF_GetRequest) refers to adcuser.o(.data) for VolCur
    adcuser.o(i.ADC_IF_SetRequest) refers to usbcore.o(.data) for SetupPacket
    adcuser.o(i.ADC_IF_SetRequest) refers to usbcore.o(.bss) for EP0Buf
    adcuser.o(i.ADC_IF_SetRequest) refers to usbdmain.o(.data) for Mute
    adcuser.o(i.ADC_IF_SetRequest) refers to adcuser.o(.data) for VolCur
    glcd_spi_lpc1700.o(i.GLCD_Bargraph) refers to glcd_spi_lpc1700.o(i.GLCD_SetWindow) for GLCD_SetWindow
    glcd_spi_lpc1700.o(i.GLCD_Bargraph) refers to glcd_spi_lpc1700.o(i.wr_cmd) for wr_cmd
    glcd_spi_lpc1700.o(i.GLCD_Bargraph) refers to glcd_spi_lpc1700.o(i.wr_dat_start) for wr_dat_start
    glcd_spi_lpc1700.o(i.GLCD_Bargraph) refers to glcd_spi_lpc1700.o(i.wr_dat_only) for wr_dat_only
    glcd_spi_lpc1700.o(i.GLCD_Bargraph) refers to glcd_spi_lpc1700.o(i.wr_dat_stop) for wr_dat_stop
    glcd_spi_lpc1700.o(i.GLCD_Bargraph) refers to glcd_spi_lpc1700.o(.data) for Color
    glcd_spi_lpc1700.o(i.GLCD_Bitmap) refers to glcd_spi_lpc1700.o(i.GLCD_SetWindow) for GLCD_SetWindow
    glcd_spi_lpc1700.o(i.GLCD_Bitmap) refers to glcd_spi_lpc1700.o(i.wr_cmd) for wr_cmd
    glcd_spi_lpc1700.o(i.GLCD_Bitmap) refers to glcd_spi_lpc1700.o(i.wr_dat_start) for wr_dat_start
    glcd_spi_lpc1700.o(i.GLCD_Bitmap) refers to glcd_spi_lpc1700.o(i.wr_dat_only) for wr_dat_only
    glcd_spi_lpc1700.o(i.GLCD_Bitmap) refers to glcd_spi_lpc1700.o(i.wr_dat_stop) for wr_dat_stop
    glcd_spi_lpc1700.o(i.GLCD_Clear) refers to glcd_spi_lpc1700.o(i.GLCD_WindowMax) for GLCD_WindowMax
    glcd_spi_lpc1700.o(i.GLCD_Clear) refers to glcd_spi_lpc1700.o(i.wr_cmd) for wr_cmd
    glcd_spi_lpc1700.o(i.GLCD_Clear) refers to glcd_spi_lpc1700.o(i.wr_dat_start) for wr_dat_start
    glcd_spi_lpc1700.o(i.GLCD_Clear) refers to glcd_spi_lpc1700.o(i.wr_dat_only) for wr_dat_only
    glcd_spi_lpc1700.o(i.GLCD_Clear) refers to glcd_spi_lpc1700.o(i.wr_dat_stop) for wr_dat_stop
    glcd_spi_lpc1700.o(i.GLCD_ClearLn) refers to glcd_spi_lpc1700.o(i.GLCD_WindowMax) for GLCD_WindowMax
    glcd_spi_lpc1700.o(i.GLCD_ClearLn) refers to glcd_spi_lpc1700.o(i.GLCD_DisplayString) for GLCD_DisplayString
    glcd_spi_lpc1700.o(i.GLCD_DisplayChar) refers to glcd_spi_lpc1700.o(i.GLCD_DrawChar) for GLCD_DrawChar
    glcd_spi_lpc1700.o(i.GLCD_DisplayChar) refers to glcd_spi_lpc1700.o(.constdata) for Font_6x8_h
    glcd_spi_lpc1700.o(i.GLCD_DisplayString) refers to glcd_spi_lpc1700.o(i.GLCD_DisplayChar) for GLCD_DisplayChar
    glcd_spi_lpc1700.o(i.GLCD_DrawChar) refers to glcd_spi_lpc1700.o(i.GLCD_SetWindow) for GLCD_SetWindow
    glcd_spi_lpc1700.o(i.GLCD_DrawChar) refers to glcd_spi_lpc1700.o(i.wr_cmd) for wr_cmd
    glcd_spi_lpc1700.o(i.GLCD_DrawChar) refers to glcd_spi_lpc1700.o(i.wr_dat_start) for wr_dat_start
    glcd_spi_lpc1700.o(i.GLCD_DrawChar) refers to glcd_spi_lpc1700.o(i.wr_dat_only) for wr_dat_only
    glcd_spi_lpc1700.o(i.GLCD_DrawChar) refers to glcd_spi_lpc1700.o(i.wr_dat_stop) for wr_dat_stop
    glcd_spi_lpc1700.o(i.GLCD_DrawChar) refers to glcd_spi_lpc1700.o(.data) for Color
    glcd_spi_lpc1700.o(i.GLCD_Init) refers to glcd_spi_lpc1700.o(i.rd_id_man) for rd_id_man
    glcd_spi_lpc1700.o(i.GLCD_Init) refers to glcd_spi_lpc1700.o(i.rd_reg) for rd_reg
    glcd_spi_lpc1700.o(i.GLCD_Init) refers to glcd_spi_lpc1700.o(i.wr_reg) for wr_reg
    glcd_spi_lpc1700.o(i.GLCD_Init) refers to glcd_spi_lpc1700.o(i.delay) for delay
    glcd_spi_lpc1700.o(i.GLCD_Init) refers to glcd_spi_lpc1700.o(.data) for Himax
    glcd_spi_lpc1700.o(i.GLCD_PutPixel) refers to glcd_spi_lpc1700.o(i.wr_reg) for wr_reg
    glcd_spi_lpc1700.o(i.GLCD_PutPixel) refers to glcd_spi_lpc1700.o(i.wr_cmd) for wr_cmd
    glcd_spi_lpc1700.o(i.GLCD_PutPixel) refers to glcd_spi_lpc1700.o(i.wr_dat) for wr_dat
    glcd_spi_lpc1700.o(i.GLCD_PutPixel) refers to glcd_spi_lpc1700.o(.data) for Himax
    glcd_spi_lpc1700.o(i.GLCD_SetBackColor) refers to glcd_spi_lpc1700.o(.data) for Color
    glcd_spi_lpc1700.o(i.GLCD_SetTextColor) refers to glcd_spi_lpc1700.o(.data) for Color
    glcd_spi_lpc1700.o(i.GLCD_SetWindow) refers to glcd_spi_lpc1700.o(i.wr_reg) for wr_reg
    glcd_spi_lpc1700.o(i.GLCD_SetWindow) refers to glcd_spi_lpc1700.o(.data) for Himax
    glcd_spi_lpc1700.o(i.GLCD_WindowMax) refers to glcd_spi_lpc1700.o(i.GLCD_SetWindow) for GLCD_SetWindow
    glcd_spi_lpc1700.o(i.GLCD_WrCmd) refers to glcd_spi_lpc1700.o(i.wr_cmd) for wr_cmd
    glcd_spi_lpc1700.o(i.GLCD_WrReg) refers to glcd_spi_lpc1700.o(i.wr_reg) for wr_reg
[...]
    i.rt_sys_init                            0x00003e78   Section        0  rt_task.o(i.rt_sys_init)
    i.rt_sys_start                           0x00003f44   Section        0  rt_task.o(i.rt_sys_start)
    i.rt_systick                             0x00003fbc   Section        0  rt_system.o(i.rt_systick)
    i.rt_tid2ptcb                            0x00003ffc   Section        0  rt_cmsis.o(i.rt_tid2ptcb)
    rt_tid2ptcb                              0x00003ffd   Thumb Code    18  rt_cmsis.o(i.rt_tid2ptcb)
    i.rt_timer_insert                        0x00004010   Section        0  rt_cmsis.o(i.rt_timer_insert)
    rt_timer_insert                          0x00004011   Thumb Code    48  rt_cmsis.o(i.rt_timer_insert)
    i.rt_tsk_create                          0x00004044   Section        0  rt_task.o(i.rt_tsk_create)
    i.rt_tsk_delete                          0x000040cc   Section        0  rt_task.o(i.rt_tsk_delete)
    i.rt_tsk_prio                            0x00004248   Section        0  rt_task.o(i.rt_tsk_prio)
    i.rt_tsk_self                            0x000042c4   Section        0  rt_task.o(i.rt_tsk_self)
    i.scoredPrompt                           0x000042d4   Section        0  hoop.o(i.scoredPrompt)
    i.setDifficultySettings                  0x00004324   Section        0  hoop.o(i.setDifficultySettings)
    i.spi_tran                               0x000043f4   Section        0  glcd_spi_lpc1700.o(i.spi_tran)
    spi_tran                                 0x000043f5   Thumb Code    28  glcd_spi_lpc1700.o(i.spi_tran)
    i.spi_tran_man                           0x00004414   Section        0  glcd_spi_lpc1700.o(i.spi_tran_man)
    spi_tran_man                             0x00004415   Thumb Code   124  glcd_spi_lpc1700.o(i.spi_tran_man)
    i.svcKernelInitialize                    0x00004494   Section        0  rt_cmsis.o(i.svcKernelInitialize)
    i.svcKernelStart                         0x00004504   Section        0  rt_cmsis.o(i.svcKernelStart)
    i.svcMessageCreate                       0x0000454c   Section        0  rt_cmsis.o(i.svcMessageCreate)
    i.svcMessageGet                          0x00004570   Section        0  rt_cmsis.o(i.svcMessageGet)
    i.svcThreadCreate                        0x000045ac   Section        0  rt_cmsis.o(i.svcThreadCreate)
    i.svcThreadGetId                         0x00004618   Section        0  rt_cmsis.o(i.svcThreadGetId)
    i.svcThreadTerminate                     0x00004634   Section        0  rt_cmsis.o(i.svcThreadTerminate)
    i.svcTimerCall                           0x0000466c   Section        0  rt_cmsis.o(i.svcTimerCall)
    i.sysTimerTick                           0x00004684   Section        0  rt_cmsis.o(i.sysTimerTick)
    i.throwBall                              0x000046e0   Section        0  hoop.o(i.throwBall)
    i.wr_cmd                                 0x00004878   Section        0  glcd_spi_lpc1700.o(i.wr_cmd)
    wr_cmd                                   0x00004879   Thumb Code    36  glcd_spi_lpc1700.o(i.wr_cmd)
    i.wr_dat                                 0x000048a0   Section        0  glcd_spi_lpc1700.o(i.wr_dat)
    wr_dat                                   0x000048a1   Thumb Code    36  glcd_spi_lpc1700.o(i.wr_dat)
    i.wr_dat_only                            0x000048c8   Section        0  glcd_spi_lpc1700.o(i.wr_dat_only)
    wr_dat_only                              0x000048c9   Thumb Code    18  glcd_spi_lpc1700.o(i.wr_dat_only)
    i.wr_dat_start                           0x000048dc   Section        0  glcd_spi_lpc1700.o(i.wr_dat_start)
    wr_dat_start                             0x000048dd   Thumb Code    16  glcd_spi_lpc1700.o(i.wr_dat_start)
    i.wr_dat_stop                            0x000048f0   Section        0  glcd_spi_lpc1700.o(i.wr_dat_stop)
    wr_dat_stop                              0x000048f1   Thumb Code     8  glcd_spi_lpc1700.o(i.wr_dat_stop)
    i.wr_reg                                 0x000048fc   Section        0  glcd_spi_lpc1700.o(i.wr_reg)
    wr_reg                                   0x000048fd   Thumb Code    20  glcd_spi_lpc1700.o(i.wr_reg)
    x$fpl$dadd                               0x00004910   Section      336  daddsub_clz.o(x$fpl$dadd)
    _dadd1                                   0x00004921   Thumb Code     0  daddsub_clz.o(x$fpl$dadd)
    x$fpl$dcmpinf                            0x00004a60   Section       24  dcmpi.o(x$fpl$dcmpinf)
    x$fpl$dfix                               0x00004a78   Section       94  dfix.o(x$fpl$dfix)
    x$fpl$dflt                               0x00004ad6   Section       46  dflt_clz.o(x$fpl$dflt)
    x$fpl$dleqf                              0x00004b04   Section      120  dleqf.o(x$fpl$dleqf)
    x$fpl$dmul                               0x00004b7c   Section      340  dmul.o(x$fpl$dmul)
    x$fpl$dnaninf                            0x00004cd0   Section      156  dnaninf.o(x$fpl$dnaninf)
    x$fpl$dretinf                            0x00004d6c   Section       12  dretinf.o(x$fpl$dretinf)
    x$fpl$dsub                               0x00004d78   Section      468  daddsub_clz.o(x$fpl$dsub)
    _dsub1                                   0x00004d89   Thumb Code     0  daddsub_clz.o(x$fpl$dsub)
    .constdata                               0x00004f4c   Section     6272  glcd_spi_lpc1700.o(.constdata)
    x$fpl$usenofp                            0x00004f4c   Section        0  usenofp.o(x$fpl$usenofp)
    .constdata                               0x000067cc   Section    268803  main.o(.constdata)
    GIMP_IMAGE1_pixel_data                   0x000067cc   Data       89601  main.o(.constdata)
    GIMP_IMAGE2_pixel_data                   0x0001c5cd   Data       89601  main.o(.constdata)
    GIMP_IMAGE3_pixel_data                   0x000323ce   Data       89601  main.o(.constdata)
    .constdata                               0x000481cf   Section      228  usbdesc.o(.constdata)
    .constdata                               0x000482b4   Section       16  usbhw.o(.constdata)
    .constdata                               0x000482c4   Section       64  usbuser.o(.constdata)
    .constdata                               0x00048304   Section    131642  hoop.o(.constdata)
    GIMP_IMAGE5_pixel_data                   0x00048304   Data       126241  hoop.o(.constdata)
    GIMP_IMAGE4_pixel_data                   0x00067025   Data        5001  hoop.o(.constdata)
    white_pixel                              0x000683ae   Data         400  hoop.o(.constdata)
    .constdata                               0x00068540   Section      104  rtx_conf_cm_1.o(.constdata)
    __tagsym$$used                           0x0006855c   Number         0  rtx_conf_cm_1.o(.constdata)
    __tagsym$$used                           0x00068560   Number         0  rtx_conf_cm_1.o(.constdata)
    __tagsym$$used                           0x00068564   Number         0  rtx_conf_cm_1.o(.constdata)
    __tagsym$$used                           0x00068568   Number         0  rtx_conf_cm_1.o(.constdata)
    .bss                                     0x10000000   Section     3016  rtx_conf_cm_1.o(.bss)
    std_libspace                             0x100008a8   Data         672  rtx_conf_cm_1.o(.bss)
    std_libmutex                             0x10000b48   Data         128  rtx_conf_cm_1.o(.bss)
    .data                                    0x2007c000   Section        2  adcuser.o(.data)
    .data                                    0x2007c002   Section        5  glcd_spi_lpc1700.o(.data)
    Color                                    0x2007c002   Data           4  glcd_spi_lpc1700.o(.data)
    Himax                                    0x2007c006   Data           1  glcd_spi_lpc1700.o(.data)
    .data                                    0x2007c008   Section       20  main.o(.data)
    .data                                    0x2007c01c   Section       40  usbcore.o(.data)
    .data                                    0x2007c044   Section       32  usbdmain.o(.data)
    .data                                    0x2007c064   Section        8  usbhw.o(.data)
    .data                                    0x2007c06c   Section        8  system_lpc17xx.o(.data)
    .data                                    0x2007c074   Section       36  hoop.o(.data)
    .data                                    0x2007c098   Section       20  rtx_conf_cm_1.o(.data)
    nr_mutex                                 0x2007c0a8   Data           4  rtx_conf_cm_1.o(.data)
    .data                                    0x2007c0ac   Section        8  rt_cmsis.o(.data)
    .data                                    0x2007c0b4   Section        8  rt_task.o(.data)
    .data                                    0x2007c0bc   Section        8  rt_system.o(.data)
    os_lock                                  0x2007c0bc   Data           1  rt_system.o(.data)
    os_psh_flag                              0x2007c0bd   Data           1  rt_system.o(.data)
    pend_flags                               0x2007c0be   Data           1  rt_system.o(.data)
    .data                                    0x2007c0c4   Section        4  rt_time.o(.data)
    .data                                    0x2007c0c8   Section        8  rt_robin.o(.data)
    .data                                    0x2007c0d0   Section        1  hal_cm.o(.data)
    .bss                                     0x2007c0d4   Section       64  usbcore.o(.bss)
    .bss                                     0x2007c114   Section      128  usbhw.o(.bss)
    .bss                                     0x2007c194   Section       20  hoop.o(.bss)
    .bss                                     0x2007c1a8   Section       52  rt_task.o(.bss)
    .bss                                     0x2007c1dc   Section       48  rt_list.o(.bss)
    .bss                                     0x2007c20c   Section       96  libspace.o(.bss)
    .bss                                     0x2007c26c   Section      228  rand.o(.bss)
    HEAP                                     0x2007c350   Section        0  startup_lpc17xx.o(HEAP)
    STACK                                    0x2007c350   Section      512  startup_lpc17xx.o(STACK)
    Heap_Mem                                 0x2007c350   Data           0  startup_lpc17xx.o(HEAP)
    Stack_Mem                                0x2007c350   Data         512  startup_lpc17xx.o(STACK)
    USB_RAM                                  0x2007c550   Section      544  usbhw.o(USB_RAM)
    __initial_sp                             0x2007c550   Data           0  startup_lpc17xx.o(STACK)

    Global Symbols

    Symbol Name                              Value     Ov Type        Size  Object(Section)

    BuildAttributes$$THM_ISAv4$P$D$K$B$S$PE$A:L22UL41UL21$X:L11$S22US41US21$IEEE1$IW$USESV6$~STKCKD$USESV7$~SHL$OSPACE$ROPI$EBA8$UX$STANDARDLIB$REQ8$PRES8$EABIv2 0x00000000   Number         0  anon$$obj.o ABSOLUTE
    __ARM_use_no_argv                        0x00000000   Number         0  main.o ABSOLUTE
    __Vectors                                0x00000000   Data           4  startup_lpc17xx.o(RESET)
    __ARM_exceptions_init                     - Undefined Weak Reference
    __alloca_initialize                       - Undefined Weak Reference
    __arm_preinit_                            - Undefined Weak Reference
    __cpp_initialize__aeabi_                  - Undefined Weak Reference
    __cxa_finalize                            - Undefined Weak Reference
    __rt_locale                               - Undefined Weak Reference
    __sigvec_lookup                           - Undefined Weak Reference
    _atexit_init                              - Undefined Weak Reference
    _call_atexit_fns                          - Undefined Weak Reference
    _clock_init                               - Undefined Weak Reference
    _fp_trap_init                             - Undefined Weak Reference
    _fp_trap_shutdown                         - Undefined Weak Reference
    _get_lc_collate                           - Undefined Weak Reference
    _get_lc_ctype                             - Undefined Weak Reference
    _get_lc_monetary                          - Undefined Weak Reference
    _get_lc_numeric                           - Undefined Weak Reference
    _get_lc_time                              - Undefined Weak Reference
    _getenv_init                              - Undefined Weak Reference
    _handle_redirection                       - Undefined Weak Reference
    _init_alloc                               - Undefined Weak Reference
    _init_user_alloc                          - Undefined Weak Reference
    _initio                                   - Undefined Weak Reference
    _printf_post_padding                      - Undefined Weak Reference
    _printf_pre_padding                       - Undefined Weak Reference
    _printf_truncate_signed                   - Undefined Weak Reference
    _printf_truncate_unsigned                 - Undefined Weak Reference
    _signal_finish                            - Undefined Weak Reference
    _signal_init                              - Undefined Weak Reference
    _terminate_alloc                          - Undefined Weak Reference
    _terminate_user_alloc                     - Undefined Weak Reference
    _terminateio                              - Undefined Weak Reference
    __main                                   0x000000cd   Thumb Code     8  __main.o(!!!main)
    __scatterload                            0x000000d5   Thumb Code     0  __scatter.o(!!!scatter)
    __scatterload_rt2                        0x000000d5   Thumb Code    44  __scatter.o(!!!scatter)
    __scatterload_rt2_thumb_only             0x000000d5   Thumb Code     0  __scatter.o(!!!scatter)
    __scatterload_null                       0x000000e3   Thumb Code     0  __scatter.o(!!!scatter)
    __scatterload_copy                       0x00000109   Thumb Code    26  __scatter_copy.o(!!handler_copy)
    __scatterload_zeroinit                   0x00000125   Thumb Code    28  __scatter_zi.o(!!handler_zi)
    _printf_d                                0x00000141   Thumb Code     0  _printf_d.o(.ARM.Collect$$_printf_percent$$00000009)
    _printf_percent                          0x00000141   Thumb Code     0  _printf_percent.o(.ARM.Collect$$_printf_percent$$00000000)
    _printf_percent_end                      0x00000147   Thumb Code     0  _printf_percent_end.o(.ARM.Collect$$_printf_percent$$00000017)
    __rt_lib_init                            0x0000014b   Thumb Code     0  libinit.o(.ARM.Collect$$libinit$$00000000)
    __rt_lib_init_fp_1                       0x0000014d   Thumb Code     0  libinit2.o(.ARM.Collect$$libinit$$00000002)
    __rt_lib_init_heap_1                     0x0000014d   Thumb Code     0  libinit2.o(.ARM.Collect$$libinit$$0000000A)
    __rt_lib_init_preinit_1                  0x0000014d   Thumb Code     0  libinit2.o(.ARM.Collect$$libinit$$00000004)
    __rt_lib_init_rand_2                     0x0000014d   Thumb Code     0  libinit2.o(.ARM.Collect$$libinit$$0000000D)
    __rt_lib_init_user_alloc_1               0x0000014d   Thumb Code     0  libinit2.o(.ARM.Collect$$libinit$$0000000C)
    __rt_lib_init_alloca_1                   0x00000151   Thumb Code     0  libinit2.o(.ARM.Collect$$libinit$$0000002E)
    __rt_lib_init_argv_1                     0x00000151   Thumb Code     0  libinit2.o(.ARM.Collect$$libinit$$0000002C)
    __rt_lib_init_atexit_1                   0x00000151   Thumb Code     0  libinit2.o(.ARM.Collect$$libinit$$0000001B)
    __rt_lib_init_clock_1                    0x00000151   Thumb Code     0  libinit2.o(.ARM.Collect$$libinit$$00000021)
    __rt_lib_init_cpp_1                      0x00000151   Thumb Code     0  libinit2.o(.ARM.Collect$$libinit$$00000032)
    __rt_lib_init_exceptions_1               0x00000151   Thumb Code     0  libinit2.o(.ARM.Collect$$libinit$$00000030)
    __rt_lib_init_fp_trap_1                  0x00000151   Thumb Code     0  libinit2.o(.ARM.Collect$$libinit$$0000001F)
    __rt_lib_init_getenv_1                   0x00000151   Thumb Code     0  libinit2.o(.ARM.Collect$$libinit$$00000023)
    __rt_lib_init_lc_collate_1               0x00000151   Thumb Code     0  libinit2.o(.ARM.Collect$$libinit$$00000011)
    __rt_lib_init_lc_ctype_1                 0x00000151   Thumb Code     0  libinit2.o(.ARM.Collect$$libinit$$00000013)
    __rt_lib_init_lc_monetary_1              0x00000151   Thumb Code     0  libinit2.o(.ARM.Collect$$libinit$$00000015)
    __rt_lib_init_lc_numeric_1               0x00000151   Thumb Code     0  libinit2.o(.ARM.Collect$$libinit$$00000017)
    __rt_lib_init_lc_time_1                  0x00000151   Thumb Code     0  libinit2.o(.ARM.Collect$$libinit$$00000019)
    __rt_lib_init_rand_1                     0x00000151   Thumb Code     0  libinit2.o(.ARM.Collect$$libinit$$0000000E)
    __rt_lib_init_return                     0x00000151   Thumb Code     0  libinit2.o(.ARM.Collect$$libinit$$00000033)
    __rt_lib_init_signal_1                   0x00000151   Thumb Code     0  libinit2.o(.ARM.Collect$$libinit$$0000001D)
    __rt_lib_init_stdio_1                    0x00000151   Thumb Code     0  libinit2.o(.ARM.Collect$$libinit$$00000025)
    __rt_lib_shutdown                        0x00000153   Thumb Code     0  libshutdown.o(.ARM.Collect$$libshutdown$$00000000)
    __rt_lib_shutdown_cpp_1                  0x00000155   Thumb Code     0  libshutdown2.o(.ARM.Collect$$libshutdown$$00000002)
    __rt_lib_shutdown_fp_trap_1              0x00000155   Thumb Code     0  libshutdown2.o(.ARM.Collect$$libshutdown$$00000007)
    __rt_lib_shutdown_heap_1                 0x00000155   Thumb Code     0  libshutdown2.o(.ARM.Collect$$libshutdown$$0000000F)
    __rt_lib_shutdown_return                 0x00000155   Thumb Code     0  libshutdown2.o(.ARM.Collect$$libshutdown$$00000010)
    __rt_lib_shutdown_signal_1               0x00000155   Thumb Code     0  libshutdown2.o(.ARM.Collect$$libshutdown$$0000000A)
    __rt_lib_shutdown_stdio_1                0x00000155   Thumb Code     0  libshutdown2.o(.ARM.Collect$$libshutdown$$00000004)
    __rt_lib_shutdown_user_alloc_1           0x00000155   Thumb Code     0  libshutdown2.o(.ARM.Collect$$libshutdown$$0000000C)
    __rt_entry                               0x00000157   Thumb Code     0  __rtentry.o(.ARM.Collect$$rtentry$$00000000)
    __rt_entry_presh_1                       0x00000157   Thumb Code     0  __rtentry2.o(.ARM.Collect$$rtentry$$00000002)
    __rt_entry_sh                            0x00000157   Thumb Code     0  __rtentry4.o(.ARM.Collect$$rtentry$$00000004)
    __rt_entry_li                            0x0000015d   Thumb Code     0  __rtentry2.o(.ARM.Collect$$rtentry$$0000000A)
    __rt_entry_postsh_1                      0x0000015d   Thumb Code     0  __rtentry2.o(.ARM.Collect$$rtentry$$00000009)
    __rt_entry_postli_1                      0x00000161   Thumb Code     0  __rtentry2.o(.ARM.Collect$$rtentry$$0000000B)
    __rt_entry_main                          0x00000169   Thumb Code     0  __rtentry2.o(.ARM.Collect$$rtentry$$0000000D)
    __rt_exit                                0x00000171   Thumb Code     0  rtexit.o(.ARM.Collect$$rtexit$$00000000)
    __rt_exit_ls                             0x00000173   Thumb Code     0  rtexit2.o(.ARM.Collect$$rtexit$$00000003)
    __rt_exit_prels_1                        0x00000173   Thumb Code     0  rtexit2.o(.ARM.Collect$$rtexit$$00000002)
    __rt_exit_exit                           0x00000177   Thumb Code     0  rtexit2.o(.ARM.Collect$$rtexit$$00000004)
    _platform_post_lib_init                  0x0000017d   Thumb Code    24  rtx_conf_cm_1.o(.emb_text)
    rt_set_PSP                               0x00000199   Thumb Code     6  hal_cm3.o(.emb_text)
    rt_get_PSP                               0x0000019f   Thumb Code     6  hal_cm3.o(.emb_text)
    os_set_env                               0x000001a5   Thumb Code    24  hal_cm3.o(.emb_text)
    _alloc_box                               0x000001c1   Thumb Code    28  hal_cm3.o(.emb_text)
    _free_box                                0x000001e1   Thumb Code    28  hal_cm3.o(.emb_text)
    SVC_Handler                              0x00000201   Thumb Code   108  hal_cm3.o(.emb_text)
    PendSV_Handler                           0x00000279   Thumb Code    56  hal_cm3.o(.emb_text)
    SysTick_Handler                          0x000002b5   Thumb Code     8  hal_cm3.o(.emb_text)
    OS_Tick_Handler                          0x000002bd   Thumb Code    12  hal_cm3.o(.emb_text)
    rand                                     0x000002c9   Thumb Code    48  rand.o(.emb_text)
    Reset_Handler                            0x00000301   Thumb Code     8  startup_lpc17xx.o(.text)
    NMI_Handler                              0x00000309   Thumb Code     2  startup_lpc17xx.o(.text)
    HardFault_Handler                        0x0000030b   Thumb Code     2  startup_lpc17xx.o(.text)
    MemManage_Handler                        0x0000030d   Thumb Code     2  startup_lpc17xx.o(.text)
    BusFault_Handler                         0x0000030f   Thumb Code     2  startup_lpc17xx.o(.text)
    UsageFault_Handler                       0x00000311   Thumb Code     2  startup_lpc17xx.o(.text)
    DebugMon_Handler                         0x00000315   Thumb Code     2  startup_lpc17xx.o(.text)
    ADC_IRQHandler                           0x0000031b   Thumb Code     0  startup_lpc17xx.o(.text)
    BOD_IRQHandler                           0x0000031b   Thumb Code     0  startup_lpc17xx.o(.text)
    CANActivity_IRQHandler                   0x0000031b   Thumb Code     0  startup_lpc17xx.o(.text)
    CAN_IRQHandler                           0x0000031b   Thumb Code     0  startup_lpc17xx.o(.text)
    DMA_IRQHandler                           0x0000031b   Thumb Code     0  startup_lpc17xx.o(.text)
    EINT0_IRQHandler                         0x0000031b   Thumb Code     0  startup_lpc17xx.o(.text)
    EINT1_IRQHandler                         0x0000031b   Thumb Code     0  startup_lpc17xx.o(.text)
    EINT2_IRQHandler                         0x0000031b   Thumb Code     0  startup_lpc17xx.o(.text)
    EINT3_IRQHandler                         0x0000031b   Thumb Code     0  startup_lpc17xx.o(.text)
    ENET_IRQHandler                          0x0000031b   Thumb Code     0  startup_lpc17xx.o(.text)
    I2C0_IRQHandler                          0x0000031b   Thumb Code     0  startup_lpc17xx.o(.text)
    I2C1_IRQHandler                          0x0000031b   Thumb Code     0  startup_lpc17xx.o(.text)
    I2C2_IRQHandler                          0x0000031b   Thumb Code     0  startup_lpc17xx.o(.text)
    I2S_IRQHandler                           0x0000031b   Thumb Code     0  startup_lpc17xx.o(.text)
    MCPWM_IRQHandler                         0x0000031b   Thumb Code     0  startup_lpc17xx.o(.text)
    PLL0_IRQHandler                          0x0000031b   Thumb Code     0  startup_lpc17xx.o(.text)
    PLL1_IRQHandler                          0x0000031b   Thumb Code     0  startup_lpc17xx.o(.text)
    PWM1_IRQHandler                          0x0000031b   Thumb Code     0  startup_lpc17xx.o(.text)
    QEI_IRQHandler                           0x0000031b   Thumb Code     0  startup_lpc17xx.o(.text)
    RIT_IRQHandler                           0x0000031b   Thumb Code     0  startup_lpc17xx.o(.text)
    RTC_IRQHandler                           0x0000031b   Thumb Code     0  startup_lpc17xx.o(.text)
    SPI_IRQHandler                           0x0000031b   Thumb Code     0  startup_lpc17xx.o(.text)
    SSP0_IRQHandler                          0x0000031b   Thumb Code     0  startup_lpc17xx.o(.text)
    SSP1_IRQHandler                          0x0000031b   Thumb Code     0  startup_lpc17xx.o(.text)
    TIMER1_IRQHandler                        0x0000031b   Thumb Code     0  startup_lpc17xx.o(.text)
    TIMER2_IRQHandler                        0x0000031b   Thumb Code     0  startup_lpc17xx.o(.text)
    TIMER3_IRQHandler                        0x0000031b   Thumb Code     0  startup_lpc17xx.o(.text)
    UART0_IRQHandler                         0x0000031b   Thumb Code     0  startup_lpc17xx.o(.text)
    UART1_IRQHandler                         0x0000031b   Thumb Code     0  startup_lpc17xx.o(.text)
    UART2_IRQHandler                         0x0000031b   Thumb Code     0  startup_lpc17xx.o(.text)
    UART3_IRQHandler                         0x0000031b   Thumb Code     0  startup_lpc17xx.o(.text)
    USBActivity_IRQHandler                   0x0000031b   Thumb Code     0  startup_lpc17xx.o(.text)
    WDT_IRQHandler                           0x0000031b   Thumb Code     0  startup_lpc17xx.o(.text)
    __user_initial_stackheap                 0x0000031d   Thumb Code     0  startup_lpc17xx.o(.text)
    __user_libspace                          0x0000033d   Thumb Code     8  libspace.o(.text)
    __user_perproc_libspace                  0x0000033d   Thumb Code     0  libspace.o(.text)
    __2sprintf                               0x00000345   Thumb Code    34  noretval__2sprintf.o(.text)
    __printf                                 0x0000036d   Thumb Code   104  __printf.o(.text)
    _printf_int_dec                          0x000003d5   Thumb Code   104  _printf_dec.o(.text)
    srand                                    0x0000044d   Thumb Code    42  rand.o(.text)
    _rand_init                               0x00000477   Thumb Code     4  rand.o(.text)
    __RL_RTX_VER                             0x00000482   Number         0  rt_system.o ABSOLUTE
    exit                                     0x00000489   Thumb Code    18  exit.o(.text)
    __use_two_region_memory                  0x0000049b   Thumb Code     2  heapauxi.o(.text)
    __rt_heap_escrow$2region                 0x0000049d   Thumb Code     2  heapauxi.o(.text)
    __rt_heap_expand$2region                 0x0000049f   Thumb Code     2  heapauxi.o(.text)
    _printf_int_common                       0x000004a1   Thumb Code   178  _printf_intcommon.o(.text)
    _printf_char_common                      0x0000055f   Thumb Code    32  _printf_char_common.o(.text)
    _sputc                                   0x00000585   Thumb Code    10  _sputc.o(.text)
    _sys_exit                                0x00000591   Thumb Code     8  sys_exit.o(.text)
    __user_setup_stackheap                   0x0000059d   Thumb Code    74  sys_stackheap_outer.o(.text)
    __I$use$semihosting                      0x000005e7   Thumb Code     0  use_no_semi.o(.text)
    __use_no_semihosting_swi                 0x000005e7   Thumb Code     2  use_no_semi.o(.text)
    SVC_Count                                0x000005e8   Data           4  svc_table.o(SVC_TABLE)
    __semihosting_library_function           0x000005e9   Thumb Code     0  indicate_semi.o(.text)
    ADC_EP_GetRequest                        0x000005ed   Thumb Code     4  adcuser.o(i.ADC_EP_GetRequest)
    SVC_Table                                0x000005ec   Data           0  svc_table.o(SVC_TABLE)
    ADC_EP_SetRequest                        0x000005f1   Thumb Code     4  adcuser.o(i.ADC_EP_SetRequest)
    ADC_IF_GetRequest                        0x000005f5   Thumb Code   128  adcuser.o(i.ADC_IF_GetRequest)
    ADC_IF_SetRequest                        0x00000685   Thumb Code    80  adcuser.o(i.ADC_IF_SetRequest)
    EPAdr                                    0x000006e5   Thumb Code    16  usbhw.o(i.EPAdr)
    GLCD_Bargraph                            0x000006f5   Thumb Code    98  glcd_spi_lpc1700.o(i.GLCD_Bargraph)
    GLCD_Bitmap                              0x0000075d   Thumb Code    82  glcd_spi_lpc1700.o(i.GLCD_Bitmap)
    GLCD_Clear                               0x000007af   Thumb Code    42  glcd_spi_lpc1700.o(i.GLCD_Clear)
    GLCD_DisplayChar                         0x000007d9   Thumb Code    84  glcd_spi_lpc1700.o(i.GLCD_DisplayChar)
    GLCD_DisplayString                       0x00000835   Thumb Code    40  glcd_spi_lpc1700.o(i.GLCD_DisplayString)
    GLCD_DrawChar                            0x0000085d   Thumb Code   150  glcd_spi_lpc1700.o(i.GLCD_DrawChar)
    GLCD_Init                                0x000008f9   Thumb Code  1506  glcd_spi_lpc1700.o(i.GLCD_Init)
    GLCD_SetBackColor                        0x00000ee1   Thumb Code     6  glcd_spi_lpc1700.o(i.GLCD_SetBackColor)
    GLCD_SetTextColor                        0x00000eed   Thumb Code     6  glcd_spi_lpc1700.o(i.GLCD_SetTextColor)
    GLCD_SetWindow                           0x00000ef9   Thumb Code   168  glcd_spi_lpc1700.o(i.GLCD_SetWindow)
    GLCD_WindowMax                           0x00000fa5   Thumb Code    18  glcd_spi_lpc1700.o(i.GLCD_WindowMax)
    KBD_Init                                 0x00000fb9   Thumb Code    42  kbd.o(i.KBD_Init)
    KBD_get                                  0x00000ff5   Thumb Code    12  kbd.o(i.KBD_get)
    LED_Init                                 0x00001005   Thumb Code    40  led.o(i.LED_Init)
    RdCmdDat                                 0x00001035   Thumb Code    38  usbhw.o(i.RdCmdDat)
    SystemClockUpdate                        0x00001065   Thumb Code   302  system_lpc17xx.o(i.SystemClockUpdate)
    SystemInit                               0x000011a5   Thumb Code   302  system_lpc17xx.o(i.SystemInit)
    TIMER0_IRQHandler                        0x000012e5   Thumb Code   226  usbdmain.o(i.TIMER0_IRQHandler)
    USB_ClrStallEP                           0x000013f5   Thumb Code    26  usbhw.o(i.USB_ClrStallEP)
    USB_ConfigEP                             0x00001415   Thumb Code    68  usbhw.o(i.USB_ConfigEP)
    USB_Configure                            0x00001461   Thumb Code    60  usbhw.o(i.USB_Configure)
    USB_Connect                              0x000014a5   Thumb Code    28  usbhw.o(i.USB_Connect)
    USB_DMA_BufAdr                           0x000014c5   Thumb Code    30  usbhw.o(i.USB_DMA_BufAdr)
    USB_DMA_Enable                           0x000014e9   Thumb Code    20  usbhw.o(i.USB_DMA_Enable)
    USB_DMA_Setup                            0x00001501   Thumb Code   248  usbhw.o(i.USB_DMA_Setup)
    USB_DataInStage                          0x0000160d   Thumb Code    52  usbcore.o(i.USB_DataInStage)
    USB_DataOutStage                         0x00001645   Thumb Code    34  usbcore.o(i.USB_DataOutStage)
    USB_DirCtrlEP                            0x0000166d   Thumb Code     2  usbhw.o(i.USB_DirCtrlEP)
    USB_DisableEP                            0x00001671   Thumb Code    26  usbhw.o(i.USB_DisableEP)
    USB_EnableEP                             0x00001695   Thumb Code    26  usbhw.o(i.USB_EnableEP)
    USB_EndPoint0                            0x000016b5   Thumb Code   786  usbcore.o(i.USB_EndPoint0)
    USB_EndPoint3                            0x000019e5   Thumb Code   164  usbuser.o(i.USB_EndPoint3)
    USB_IRQHandler                           0x00001a9d   Thumb Code   518  usbhw.o(i.USB_IRQHandler)
    USB_Init                                 0x00001cb9   Thumb Code   138  usbhw.o(i.USB_Init)
    USB_ReadEP                               0x00001d59   Thumb Code    94  usbhw.o(i.USB_ReadEP)
    USB_ReqGetDescriptor                     0x00001dc5   Thumb Code   164  usbcore.o(i.USB_ReqGetDescriptor)
    USB_ReqGetStatus                         0x00001e7d   Thumb Code   160  usbcore.o(i.USB_ReqGetStatus)
    USB_ReqSetClrFeature                     0x00001f3d   Thumb Code   210  usbcore.o(i.USB_ReqSetClrFeature)
    USB_ReqSetConfiguration                  0x00002029   Thumb Code   402  usbcore.o(i.USB_ReqSetConfiguration)
    USB_ReqSetInterface                      0x000021e1   Thumb Code   278  usbcore.o(i.USB_ReqSetInterface)
    USB_Reset                                0x00002311   Thumb Code   172  usbhw.o(i.USB_Reset)
    USB_ResetCore                            0x000023d5   Thumb Code    34  usbcore.o(i.USB_ResetCore)
    USB_ResetEP                              0x00002411   Thumb Code    26  usbhw.o(i.USB_ResetEP)
    USB_Reset_Event                          0x00002431   Thumb Code     8  usbuser.o(i.USB_Reset_Event)
    USB_Resume                               0x00002439   Thumb Code     2  usbhw.o(i.USB_Resume)
    USB_SOF_Event                            0x0000243b   Thumb Code     2  usbuser.o(i.USB_SOF_Event)
    USB_SetAddress                           0x0000243d   Thumb Code    42  usbhw.o(i.USB_SetAddress)
    USB_SetStallEP                           0x0000246d   Thumb Code    26  usbhw.o(i.USB_SetStallEP)
    USB_SetupStage                           0x00002491   Thumb Code    12  usbcore.o(i.USB_SetupStage)
    USB_StatusInStage                        0x000024a1   Thumb Code    14  usbcore.o(i.USB_StatusInStage)
    USB_StatusOutStage                       0x000024b1   Thumb Code    12  usbcore.o(i.USB_StatusOutStage)
    USB_Suspend                              0x000024c1   Thumb Code     2  usbhw.o(i.USB_Suspend)
    USB_WakeUpCfg                            0x000024c3   Thumb Code     2  usbhw.o(i.USB_WakeUpCfg)
    USB_WriteEP                              0x000024c5   Thumb Code    70  usbhw.o(i.USB_WriteEP)
    WrCmd                                    0x00002519   Thumb Code    30  usbhw.o(i.WrCmd)
    WrCmdDat                                 0x00002541   Thumb Code    58  usbhw.o(i.WrCmdDat)
    WrCmdEP                                  0x00002585   Thumb Code    78  usbhw.o(i.WrCmdEP)
    _init_box                                0x000025dd   Thumb Code    70  rt_membox.o(i._init_box)
    _mutex_acquire                           0x00002625   Thumb Code    22  rtx_conf_cm_1.o(i._mutex_acquire)
    _mutex_release                           0x00002645   Thumb Code    18  rtx_conf_cm_1.o(i._mutex_release)
    basketballGame                           0x00002661   Thumb Code   140  hoop.o(i.basketballGame)
    dbg_init                                 0x00002709   Thumb Code    34  hal_cm.o(i.dbg_init)
    dbg_task_notify                          0x00002739   Thumb Code    32  hal_cm.o(i.dbg_task_notify)
    dbg_task_switch                          0x00002759   Thumb Code    16  hal_cm.o(i.dbg_task_switch)
    delay                                    0x00002777   Thumb Code    12  main.o(i.delay)
    drawArrow                                0x00002785   Thumb Code    76  hoop.o(i.drawArrow)
    drawBackboard                            0x000027d5   Thumb Code   288  hoop.o(i.drawBackboard)
    drawBall                                 0x00002901   Thumb Code    30  hoop.o(i.drawBall)
    drawPowerBar                             0x00002929   Thumb Code    74  hoop.o(i.drawPowerBar)
    gameOverPrompt                           0x00002979   Thumb Code    92  hoop.o(i.gameOverPrompt)
    getDifficulty                            0x00002a15   Thumb Code   230  hoop.o(i.getDifficulty)
    get_button                               0x00002b51   Thumb Code    20  kbd.o(i.get_button)
    get_potval                               0x00002b65   Thumb Code    58  usbdmain.o(i.get_potval)
    isrMessageGet                            0x00002ba9   Thumb Code    42  rt_cmsis.o(i.isrMessageGet)
    isrMessagePut                            0x00002bd3   Thumb Code    44  rt_cmsis.o(i.isrMessagePut)
    isr_mbx_receive                          0x00002c01   Thumb Code    86  rt_mailbox.o(i.isr_mbx_receive)
    isr_mbx_send                             0x00002c57   Thumb Code    14  rt_mailbox.o(i.isr_mbx_send)
    main                                     0x00002c65   Thumb Code    22  main.o(i.main)
    main_menu                                0x00002c7d   Thumb Code   538  main.o(i.main_menu)
    missedPrompt                             0x0000300d   Thumb Code    48  hoop.o(i.missedPrompt)
    mp3_player                               0x0000305d   Thumb Code   226  usbdmain.o(i.mp3_player)
    osKernelInitialize                       0x00003165   Thumb Code    30  rt_cmsis.o(i.osKernelInitialize)
    osKernelStart                            0x00003189   Thumb Code    98  rt_cmsis.o(i.osKernelStart)
    osMessageGet                             0x000031f5   Thumb Code    18  rt_cmsis.o(i.osMessageGet)
    osThreadCreate                           0x0000320d   Thumb Code    36  rt_cmsis.o(i.osThreadCreate)
    osThreadExit                             0x00003239   Thumb Code    14  rt_cmsis.o(i.osThreadExit)
    osTimerCall                              0x00003251   Thumb Code     8  rt_cmsis.o(i.osTimerCall)
    osTimerThread                            0x0000325d   Thumb Code    38  rt_cmsis.o(i.osTimerThread)
    os_error                                 0x00003289   Thumb Code    34  rtx_conf_cm_1.o(i.os_error)
    os_idle_demon                            0x000032ab   Thumb Code     4  rtx_conf_cm_1.o(i.os_idle_demon)
    os_tick_init                             0x000032b1   Thumb Code    32  rt_system.o(i.os_tick_init)
    os_tick_irqack                           0x000032d9   Thumb Code     2  rt_system.o(i.os_tick_irqack)
    photo_gallery                            0x000032dd   Thumb Code   234  main.o(i.photo_gallery)
    rt_alloc_box                             0x00003519   Thumb Code    26  rt_membox.o(i.rt_alloc_box)
    rt_alloc_mem                             0x00003533   Thumb Code    62  rt_memory.o(i.rt_alloc_mem)
    rt_block                                 0x00003571   Thumb Code    48  rt_task.o(i.rt_block)
    rt_chk_robin                             0x000035a9   Thumb Code    60  rt_robin.o(i.rt_chk_robin)
    rt_dec_dly                               0x000035f1   Thumb Code   102  rt_list.o(i.rt_dec_dly)
    rt_dispatch                              0x00003661   Thumb Code    60  rt_task.o(i.rt_dispatch)
    rt_evt_psh                               0x000036a5   Thumb Code    76  rt_event.o(i.rt_evt_psh)
    rt_free_box                              0x000036f5   Thumb Code    44  rt_membox.o(i.rt_free_box)
    rt_free_mem                              0x00003721   Thumb Code    40  rt_memory.o(i.rt_free_mem)
    rt_get_first                             0x00003749   Thumb Code    40  rt_list.o(i.rt_get_first)
    rt_init_mem                              0x000037c1   Thumb Code    26  rt_memory.o(i.rt_init_mem)
    rt_init_robin                            0x000037dd   Thumb Code    14  rt_robin.o(i.rt_init_robin)
    rt_init_stack                            0x000037f5   Thumb Code   118  hal_cm.o(i.rt_init_stack)
    rt_mbx_check                             0x00003875   Thumb Code     8  rt_mailbox.o(i.rt_mbx_check)
    rt_mbx_init                              0x0000387d   Thumb Code    26  rt_mailbox.o(i.rt_mbx_init)
    rt_mbx_psh                               0x00003899   Thumb Code   236  rt_mailbox.o(i.rt_mbx_psh)
    rt_mbx_wait                              0x00003989   Thumb Code   174  rt_mailbox.o(i.rt_mbx_wait)
    rt_mut_release                           0x00003a81   Thumb Code   208  rt_mutex.o(i.rt_mut_release)
    rt_mut_wait                              0x00003b59   Thumb Code   114  rt_mutex.o(i.rt_mut_wait)
    rt_pop_req                               0x00003bd1   Thumb Code   112  rt_system.o(i.rt_pop_req)
    rt_psh_req                               0x00003c4d   Thumb Code    22  rt_system.o(i.rt_psh_req)
    rt_psq_enq                               0x00003c6d   Thumb Code    88  rt_list.o(i.rt_psq_enq)
    rt_put_dly                               0x00003cc9   Thumb Code    68  rt_list.o(i.rt_put_dly)
    rt_put_prio                              0x00003d11   Thumb Code    54  rt_list.o(i.rt_put_prio)
    rt_put_rdy_first                         0x00003d49   Thumb Code    14  rt_list.o(i.rt_put_rdy_first)
    rt_resort_prio                           0x00003d5d   Thumb Code    46  rt_list.o(i.rt_resort_prio)
    rt_ret_val                               0x00003d91   Thumb Code     6  hal_cm.o(i.rt_ret_val)
    rt_ret_val2                              0x00003d97   Thumb Code     8  hal_cm.o(i.rt_ret_val2)
    rt_rmv_dly                               0x00003d9f   Thumb Code    40  rt_list.o(i.rt_rmv_dly)
    rt_rmv_list                              0x00003dc9   Thumb Code    44  rt_list.o(i.rt_rmv_list)
    rt_sem_psh                               0x00003df9   Thumb Code    48  rt_semaphore.o(i.rt_sem_psh)
    rt_stk_check                             0x00003e2d   Thumb Code    28  rt_system.o(i.rt_stk_check)
    rt_switch_req                            0x00003e51   Thumb Code    30  rt_task.o(i.rt_switch_req)
    rt_sys_init                              0x00003e79   Thumb Code   138  rt_task.o(i.rt_sys_init)
    rt_sys_start                             0x00003f45   Thumb Code   110  rt_task.o(i.rt_sys_start)
    rt_systick                               0x00003fbd   Thumb Code    50  rt_system.o(i.rt_systick)
    rt_tsk_create                            0x00004045   Thumb Code   118  rt_task.o(i.rt_tsk_create)
    rt_tsk_delete                            0x000040cd   Thumb Code   352  rt_task.o(i.rt_tsk_delete)
    rt_tsk_prio                              0x00004249   Thumb Code   108  rt_task.o(i.rt_tsk_prio)
    rt_tsk_self                              0x000042c5   Thumb Code    12  rt_task.o(i.rt_tsk_self)
    scoredPrompt                             0x000042d5   Thumb Code    48  hoop.o(i.scoredPrompt)
    setDifficultySettings                    0x00004325   Thumb Code   176  hoop.o(i.setDifficultySettings)
    svcKernelInitialize                      0x00004495   Thumb Code    80  rt_cmsis.o(i.svcKernelInitialize)
    svcKernelStart                           0x00004505   Thumb Code    62  rt_cmsis.o(i.svcKernelStart)
    svcMessageCreate                         0x0000454d   Thumb Code    36  rt_cmsis.o(i.svcMessageCreate)
    svcMessageGet                            0x00004571   Thumb Code    58  rt_cmsis.o(i.svcMessageGet)
    svcThreadCreate                          0x000045ad   Thumb Code    96  rt_cmsis.o(i.svcThreadCreate)
    svcThreadGetId                           0x00004619   Thumb Code    22  rt_cmsis.o(i.svcThreadGetId)
    svcThreadTerminate                       0x00004635   Thumb Code    50  rt_cmsis.o(i.svcThreadTerminate)
    svcTimerCall                             0x0000466d   Thumb Code    24  rt_cmsis.o(i.svcTimerCall)
    sysTimerTick                             0x00004685   Thumb Code    84  rt_cmsis.o(i.sysTimerTick)
    throwBall                                0x000046e1   Thumb Code   354  hoop.o(i.throwBall)
    __aeabi_dadd                             0x00004911   Thumb Code     0  daddsub_clz.o(x$fpl$dadd)
    _dadd                                    0x00004911   Thumb Code   332  daddsub_clz.o(x$fpl$dadd)
    __fpl_dcmp_Inf                           0x00004a61   Thumb Code    24  dcmpi.o(x$fpl$dcmpinf)
    __aeabi_d2iz                             0x00004a79   Thumb Code     0  dfix.o(x$fpl$dfix)
    _dfix                                    0x00004a79   Thumb Code    94  dfix.o(x$fpl$dfix)
    __aeabi_i2d                              0x00004ad7   Thumb Code     0  dflt_clz.o(x$fpl$dflt)
    _dflt                                    0x00004ad7   Thumb Code    46  dflt_clz.o(x$fpl$dflt)
    __aeabi_cdcmple                          0x00004b05   Thumb Code     0  dleqf.o(x$fpl$dleqf)
    _dcmple                                  0x00004b05   Thumb Code   120  dleqf.o(x$fpl$dleqf)
    __fpl_dcmple_InfNaN                      0x00004b67   Thumb Code     0  dleqf.o(x$fpl$dleqf)
    __aeabi_dmul                             0x00004b7d   Thumb Code     0  dmul.o(x$fpl$dmul)
    _dmul                                    0x00004b7d   Thumb Code   332  dmul.o(x$fpl$dmul)
    __fpl_dnaninf                            0x00004cd1   Thumb Code   156  dnaninf.o(x$fpl$dnaninf)
    __fpl_dretinf                            0x00004d6d   Thumb Code    12  dretinf.o(x$fpl$dretinf)
    __aeabi_dsub                             0x00004d79   Thumb Code     0  daddsub_clz.o(x$fpl$dsub)
    _dsub                                    0x00004d79   Thumb Code   464  daddsub_clz.o(x$fpl$dsub)
    Font_6x8_h                               0x00004f4c   Data         896  glcd_spi_lpc1700.o(.constdata)
    __I$use$fp                               0x00004f4c   Number         0  usenofp.o(x$fpl$usenofp)
    Font_16x24_h                             0x000052cc   Data        5376  glcd_spi_lpc1700.o(.constdata)
    USB_DeviceDescriptor                     0x000481cf   Data          18  usbdesc.o(.constdata)
    USB_ConfigDescriptor                     0x000481e1   Data         110  usbdesc.o(.constdata)
    USB_StringDescriptor                     0x0004824f   Data         100  usbdesc.o(.constdata)
    DDAdr                                    0x000482b4   Data           8  usbhw.o(.constdata)
    DDSz                                     0x000482bc   Data           8  usbhw.o(.constdata)
    USB_P_EP                                 0x000482c4   Data          64  usbuser.o(.constdata)
    os_maxtaskrun                            0x00068540   Data           2  rtx_conf_cm_1.o(.constdata)
    os_stackinfo                             0x00068544   Data           4  rtx_conf_cm_1.o(.constdata)
    os_rrobin                                0x00068548   Data           4  rtx_conf_cm_1.o(.constdata)
    os_tickfreq                              0x0006854c   Data           4  rtx_conf_cm_1.o(.constdata)
    os_tickus_i                              0x00068550   Data           2  rtx_conf_cm_1.o(.constdata)
    os_tickus_f                              0x00068552   Data           2  rtx_conf_cm_1.o(.constdata)
    os_trv                                   0x00068554   Data           4  rtx_conf_cm_1.o(.constdata)
    os_flags                                 0x00068558   Data           1  rtx_conf_cm_1.o(.constdata)
    CMSIS_RTOS_API_Version                   0x0006855c   Data           4  rtx_conf_cm_1.o(.constdata)
    CMSIS_RTOS_RTX_Version                   0x00068560   Data           4  rtx_conf_cm_1.o(.constdata)
    os_clockrate                             0x00068564   Data           4  rtx_conf_cm_1.o(.constdata)
    os_timernum                              0x00068568   Data           4  rtx_conf_cm_1.o(.constdata)
    mp_tcb_size                              0x0006856c   Data           2  rtx_conf_cm_1.o(.constdata)
    mp_stk_size                              0x00068570   Data           4  rtx_conf_cm_1.o(.constdata)
    os_stack_sz                              0x00068574   Data           4  rtx_conf_cm_1.o(.constdata)
    os_fifo_size                             0x00068578   Data           1  rtx_conf_cm_1.o(.constdata)
    os_thread_def_osTimerThread              0x0006857c   Data          16  rtx_conf_cm_1.o(.constdata)
    os_messageQ_def_osTimerMessageQ          0x0006858c   Data           8  rtx_conf_cm_1.o(.constdata)
    mp_tmr_size                              0x00068594   Data           2  rtx_conf_cm_1.o(.constdata)
    os_thread_def_main                       0x00068598   Data          16  rtx_conf_cm_1.o(.constdata)
    Region$$Table$$Base                      0x000685a8   Number         0  anon$$obj.o(Region$$Table)
    Region$$Table$$Limit                     0x000685d8   Number         0  anon$$obj.o(Region$$Table)
    mp_tcb                                   0x10000000   Data         376  rtx_conf_cm_1.o(.bss)
    mp_stk                                   0x10000178   Data        1216  rtx_conf_cm_1.o(.bss)
    os_stack_mem                             0x10000638   Data         432  rtx_conf_cm_1.o(.bss)
    os_fifo                                  0x100007e8   Data         132  rtx_conf_cm_1.o(.bss)
    os_active_TCB                            0x1000086c   Data          28  rtx_conf_cm_1.o(.bss)
    os_messageQ_q_osTimerMessageQ            0x10000888   Data          32  rtx_conf_cm_1.o(.bss)
    VolCur                                   0x2007c000   Data           2  adcuser.o(.data)
    x                                        0x2007c008   Data           4  main.o(.data)
    mode                                     0x2007c00c   Data           4  main.o(.data)
    pre_mode                                 0x2007c010   Data           4  main.o(.data)
    flag                                     0x2007c014   Data           4  main.o(.data)
    joystick                                 0x2007c018   Data           4  main.o(.data)
    USB_DeviceStatus                         0x2007c01c   Data           2  usbcore.o(.data)
    USB_DeviceAddress                        0x2007c01e   Data           1  usbcore.o(.data)
    USB_Configuration                        0x2007c01f   Data           1  usbcore.o(.data)
    USB_EndPointMask                         0x2007c020   Data           4  usbcore.o(.data)
    USB_EndPointHalt                         0x2007c024   Data           4  usbcore.o(.data)
    USB_EndPointStall                        0x2007c028   Data           4  usbcore.o(.data)
    USB_NumInterfaces                        0x2007c02c   Data           1  usbcore.o(.data)
    USB_AltSetting                           0x2007c02d   Data           4  usbcore.o(.data)
    EP0Data                                  0x2007c034   Data           8  usbcore.o(.data)
    SetupPacket                              0x2007c03c   Data           8  usbcore.o(.data)
    Mute                                     0x2007c044   Data           1  usbdmain.o(.data)
    Volume                                   0x2007c048   Data           4  usbdmain.o(.data)
    InfoBuf                                  0x2007c04c   Data           4  usbdmain.o(.data)
    DataBuf                                  0x2007c050   Data           4  usbdmain.o(.data)
    DataOut                                  0x2007c054   Data           2  usbdmain.o(.data)
    DataIn                                   0x2007c056   Data           2  usbdmain.o(.data)
    DataRun                                  0x2007c058   Data           1  usbdmain.o(.data)
    PotVal                                   0x2007c05a   Data           2  usbdmain.o(.data)
    VUM                                      0x2007c05c   Data           4  usbdmain.o(.data)
    Tick                                     0x2007c060   Data           4  usbdmain.o(.data)
    DDMemMap                                 0x2007c064   Data           8  usbhw.o(.data)
    SystemCoreClock                          0x2007c06c   Data           4  system_lpc17xx.o(.data)
    SystemFrequency                          0x2007c070   Data           4  system_lpc17xx.o(.data)
    consecutiveMisses                        0x2007c074   Data           4  hoop.o(.data)
    hoopX                                    0x2007c078   Data           4  hoop.o(.data)
    hoopY                                    0x2007c07c   Data           4  hoop.o(.data)
    final_score                              0x2007c080   Data           4  hoop.o(.data)
    score                                    0x2007c084   Data           4  hoop.o(.data)
    powerBarSpeed                            0x2007c088   Data           4  hoop.o(.data)
    arrowBarSpeed                            0x2007c08c   Data           4  hoop.o(.data)
    backdropSizeX                            0x2007c090   Data           4  hoop.o(.data)
    backdropSizeY                            0x2007c094   Data           4  hoop.o(.data)
    osThreadId_osTimerThread                 0x2007c098   Data           4  rtx_conf_cm_1.o(.data)
    osMessageQId_osTimerMessageQ             0x2007c09c   Data           4  rtx_conf_cm_1.o(.data)
    os_tmr                                   0x2007c0a0   Data           4  rtx_conf_cm_1.o(.data)
    m_tmr                                    0x2007c0a4   Data           4  rtx_conf_cm_1.o(.data)
    os_initialized                           0x2007c0ac   Data           1  rt_cmsis.o(.data)
    os_running                               0x2007c0ad   Data           1  rt_cmsis.o(.data)
    os_timer_head                            0x2007c0b0   Data           4  rt_cmsis.o(.data)
    os_tsk                                   0x2007c0b4   Data           8  rt_task.o(.data)
    os_tick_irqn                             0x2007c0c0   Data           4  rt_system.o(.data)
    os_time                                  0x2007c0c4   Data           4  rt_time.o(.data)
    os_robin                                 0x2007c0c8   Data           8  rt_robin.o(.data)
    dbg_msg                                  0x2007c0d0   Data           1  hal_cm.o(.data)
    EP0Buf                                   0x2007c0d4   Data          64  usbcore.o(.bss)
    udca                                     0x2007c114   Data         128  usbhw.o(.bss)
    strscore                                 0x2007c194   Data          10  hoop.o(.bss)
    strpos                                   0x2007c19e   Data          10  hoop.o(.bss)
    os_idle_TCB                              0x2007c1a8   Data          52  rt_task.o(.bss)
    os_rdy                                   0x2007c1dc   Data          24  rt_list.o(.bss)
    os_dly                                   0x2007c1f4   Data          24  rt_list.o(.bss)
    __libspace_start                         0x2007c20c   Data          96  libspace.o(.bss)
    __temporary_stack_top$libspace           0x2007c26c   Data           0  libspace.o(.bss)
    _random_number_data                      0x2007c26c   Data         228  rand.o(.bss)
    UDCA                                     0x2007c550   Data         128  usbhw.o(USB_RAM)
    DD_NISO_Mem                              0x2007c5d0   Data         256  usbhw.o(USB_RAM)
    DD_ISO_Mem                               0x2007c6d0   Data         160  usbhw.o(USB_RAM)



==============================================================================

Memory Map of the image

  Image Entry point : 0x000000cd

  Load Region LR_IROM1 (Base: 0x00000000, Size: 0x000686ac, Max: 0x00080000, ABSOLUTE)

    Execution Region ER_IROM1 (Exec base: 0x00000000, Load base: 0x00000000, Size: 0x000685d8, Max: 0x00080000, ABSOLUTE)

    Exec Addr    Load Addr    Size         Type   Attr      Idx    E Section Name        Object

    0x00000000   0x00000000   0x000000cc   Data   RO         1011    RESET               startup_lpc17xx.o
    0x000000cc   0x000000cc   0x00000008   Code   RO         2539  * !!!main             c_w.l(__main.o)
    0x000000d4   0x000000d4   0x00000034   Code   RO         2736    !!!scatter          c_w.l(__scatter.o)
    0x00000108   0x00000108   0x0000001a   Code   RO         2738    !!handler_copy      c_w.l(__scatter_copy.o)
    0x00000122   0x00000122   0x00000002   PAD
    0x00000124   0x00000124   0x0000001c   Code   RO         2740    !!handler_zi        c_w.l(__scatter_zi.o)
    0x00000140   0x00000140   0x00000000   Code   RO         2529    .ARM.Collect$$_printf_percent$$00000000  c_w.l(_printf_percent.o)
    0x00000140   0x00000140   0x00000006   Code   RO         2528    .ARM.Collect$$_printf_percent$$00000009  c_w.l(_printf_d.o)
    0x00000146   0x00000146   0x00000004   Code   RO         2574    .ARM.Collect$$_printf_percent$$00000017  c_w.l(_printf_percent_end.o)
    0x0000014a   0x0000014a   0x00000002   Code   RO         2675    .ARM.Collect$$libinit$$00000000  c_w.l(libinit.o)
    0x0000014c   0x0000014c   0x00000000   Code   RO         2576    .ARM.Collect$$libinit$$00000002  c_w.l(libinit2.o)
    0x0000014c   0x0000014c   0x00000000   Code   RO         2578    .ARM.Collect$$libinit$$00000004  c_w.l(libinit2.o)
    0x0000014c   0x0000014c   0x00000000   Code   RO         2581    .ARM.Collect$$libinit$$0000000A  c_w.l(libinit2.o)
    0x0000014c   0x0000014c   0x00000000   Code   RO         2583    .ARM.Collect$$libinit$$0000000C  c_w.l(libinit2.o)
    0x0000014c   0x0000014c   0x00000004   Code   RO         2584    .ARM.Collect$$libinit$$0000000D  c_w.l(libinit2.o)
    0x00000150   0x00000150   0x00000000   Code   RO         2585    .ARM.Collect$$libinit$$0000000E  c_w.l(libinit2.o)
    0x00000150   0x00000150   0x00000000   Code   RO         2588    .ARM.Collect$$libinit$$00000011  c_w.l(libinit2.o)
    0x00000150   0x00000150   0x00000000   Code   RO         2590    .ARM.Collect$$libinit$$00000013  c_w.l(libinit2.o)
    0x00000150   0x00000150   0x00000000   Code   RO         2592    .ARM.Collect$$libinit$$00000015  c_w.l(libinit2.o)
    0x00000150   0x00000150   0x00000000   Code   RO         2594    .ARM.Collect$$libinit$$00000017  c_w.l(libinit2.o)
    0x00000150   0x00000150   0x00000000   Code   RO         2596    .ARM.Collect$$libinit$$00000019  c_w.l(libinit2.o)
    0x00000150   0x00000150   0x00000000   Code   RO         2598    .ARM.Collect$$libinit$$0000001B  c_w.l(libinit2.o)
    0x00000150   0x00000150   0x00000000   Code   RO         2600    .ARM.Collect$$libinit$$0000001D  c_w.l(libinit2.o)
    0x00000150   0x00000150   0x00000000   Code   RO         2602    .ARM.Collect$$libinit$$0000001F  c_w.l(libinit2.o)
    0x00000150   0x00000150   0x00000000   Code   RO         2604    .ARM.Collect$$libinit$$00000021  c_w.l(libinit2.o)
    0x00000150   0x00000150   0x00000000   Code   RO         2606    .ARM.Collect$$libinit$$00000023  c_w.l(libinit2.o)
    0x00000150   0x00000150   0x00000000   Code   RO         2608    .ARM.Collect$$libinit$$00000025  c_w.l(libinit2.o)
    0x00000150   0x00000150   0x00000000   Code   RO         2612    .ARM.Collect$$libinit$$0000002C  c_w.l(libinit2.o)
    0x00000150   0x00000150   0x00000000   Code   RO         2614    .ARM.Collect$$libinit$$0000002E  c_w.l(libinit2.o)
    0x00000150   0x00000150   0x00000000   Code   RO         2616    .ARM.Collect$$libinit$$00000030  c_w.l(libinit2.o)
    0x00000150   0x00000150   0x00000000   Code   RO         2618    .ARM.Collect$$libinit$$00000032  c_w.l(libinit2.o)
    0x00000150   0x00000150   0x00000002   Code   RO         2619    .ARM.Collect$$libinit$$00000033  c_w.l(libinit2.o)
    0x00000152   0x00000152   0x00000002   Code   RO         2676    .ARM.Collect$$libshutdown$$00000000  c_w.l(libshutdown.o)
    0x00000154   0x00000154   0x00000000   Code   RO         2695    .ARM.Collect$$libshutdown$$00000002  c_w.l(libshutdown2.o)
    0x00000154   0x00000154   0x00000000   Code   RO         2697    .ARM.Collect$$libshutdown$$00000004  c_w.l(libshutdown2.o)
    0x00000154   0x00000154   0x00000000   Code   RO         2700    .ARM.Collect$$libshutdown$$00000007  c_w.l(libshutdown2.o)
    0x00000154   0x00000154   0x00000000   Code   RO         2703    .ARM.Collect$$libshutdown$$0000000A  c_w.l(libshutdown2.o)
    0x00000154   0x00000154   0x00000000   Code   RO         2705    .ARM.Collect$$libshutdown$$0000000C  c_w.l(libshutdown2.o)
    0x00000154   0x00000154   0x00000000   Code   RO         2708    .ARM.Collect$$libshutdown$$0000000F  c_w.l(libshutdown2.o)
    0x00000154   0x00000154   0x00000002   Code   RO         2709    .ARM.Collect$$libshutdown$$00000010  c_w.l(libshutdown2.o)
    0x00000156   0x00000156   0x00000000   Code   RO         2561    .ARM.Collect$$rtentry$$00000000  c_w.l(__rtentry.o)
    0x00000156   0x00000156   0x00000000   Code   RO         2628    .ARM.Collect$$rtentry$$00000002  c_w.l(__rtentry2.o)
    0x00000156   0x00000156   0x00000006   Code   RO         2640    .ARM.Collect$$rtentry$$00000004  c_w.l(__rtentry4.o)
    0x0000015c   0x0000015c   0x00000000   Code   RO         2630    .ARM.Collect$$rtentry$$00000009  c_w.l(__rtentry2.o)
    0x0000015c   0x0000015c   0x00000004   Code   RO         2631    .ARM.Collect$$rtentry$$0000000A  c_w.l(__rtentry2.o)
    0x00000160   0x00000160   0x00000008   Code   RO         2632    .ARM.Collect$$rtentry$$0000000B  c_w.l(__rtentry2.o)
    0x00000168   0x00000168   0x00000008   Code   RO         2634    .ARM.Collect$$rtentry$$0000000D  c_w.l(__rtentry2.o)
    0x00000170   0x00000170   0x00000002   Code   RO         2562    .ARM.Collect$$rtexit$$00000000  c_w.l(rtexit.o)
    0x00000172   0x00000172   0x00000000   Code   RO         2643    .ARM.Collect$$rtexit$$00000002  c_w.l(rtexit2.o)
    0x00000172   0x00000172   0x00000004   Code   RO         2644    .ARM.Collect$$rtexit$$00000003  c_w.l(rtexit2.o)
    0x00000176   0x00000176   0x00000006   Code   RO         2645    .ARM.Collect$$rtexit$$00000004  c_w.l(rtexit2.o)
    0x0000017c   0x0000017c   0x0000001c   Code   RO         1224    .emb_text           rtx_conf_cm_1.o
    0x00000198   0x00000198   0x00000130   Code   RO         2480    .emb_text           RTX_CM3.lib(hal_cm3.o)
    0x000002c8   0x000002c8   0x00000034   Code   RO         2530    .emb_text           c_w.l(rand.o)
    0x000002fc   0x000002fc   0x00000004   Code   RO         1012    .ARM.__at_0x02FC    startup_lpc17xx.o
    0x00000300   0x00000300   0x0000003c   Code   RO         1013    .text               startup_lpc17xx.o
    0x0000033c   0x0000033c   0x00000008   Code   RO         2495    .text               c_w.l(libspace.o)
    0x00000344   0x00000344   0x00000028   Code   RO         2502    .text               c_w.l(noretval__2sprintf.o)
    0x0000036c   0x0000036c   0x00000068   Code   RO         2504    .text               c_w.l(__printf.o)
    0x000003d4   0x000003d4   0x00000078   Code   RO         2506    .text               c_w.l(_printf_dec.o)
    0x0000044c   0x0000044c   0x0000003c   Code   RO         2531    .text               c_w.l(rand.o)
    0x00000488   0x00000488   0x00000012   Code   RO         2535    .text               c_w.l(exit.o)
    0x0000049a   0x0000049a   0x00000006   Code   RO         2537    .text               c_w.l(heapauxi.o)
    0x000004a0   0x000004a0   0x000000b2   Code   RO         2568    .text               c_w.l(_printf_intcommon.o)
    0x00000552   0x00000552   0x00000002   PAD
    0x00000554   0x00000554   0x00000030   Code   RO         2570    .text               c_w.l(_printf_char_common.o)
    0x00000584   0x00000584   0x0000000a   Code   RO         2572    .text               c_w.l(_sputc.o)
    0x0000058e   0x0000058e   0x00000002   PAD
    0x00000590   0x00000590   0x0000000c   Code   RO         2657    .text               c_w.l(sys_exit.o)
    0x0000059c   0x0000059c   0x0000004a   Code   RO         2659    .text               c_w.l(sys_stackheap_outer.o)
    0x000005e6   0x000005e6   0x00000002   Code   RO         2679    .text               c_w.l(use_no_semi.o)
    0x000005e8   0x000005e8   0x00000000   Code   RO         2681    .text               c_w.l(indicate_semi.o)
    0x000005e8   0x000005e8   0x00000004   Code   RO         2490    SVC_TABLE           RTX_CM3.lib(svc_table.o)
    0x000005ec   0x000005ec   0x00000004   Code   RO            1    i.ADC_EP_GetRequest  adcuser.o
    0x000005f0   0x000005f0   0x00000004   Code   RO            2    i.ADC_EP_SetRequest  adcuser.o
    0x000005f4   0x000005f4   0x00000090   Code   RO            3    i.ADC_IF_GetRequest  adcuser.o
    0x00000684   0x00000684   0x00000060   Code   RO            4    i.ADC_IF_SetRequest  adcuser.o
    0x000006e4   0x000006e4   0x00000010   Code   RO          654    i.EPAdr             usbhw.o
    0x000006f4   0x000006f4   0x00000068   Code   RO           93    i.GLCD_Bargraph     glcd_spi_lpc1700.o
    0x0000075c   0x0000075c   0x00000052   Code   RO           94    i.GLCD_Bitmap       glcd_spi_lpc1700.o
    0x000007ae   0x000007ae   0x0000002a   Code   RO           95    i.GLCD_Clear        glcd_spi_lpc1700.o
    0x000007d8   0x000007d8   0x0000005c   Code   RO           97    i.GLCD_DisplayChar  glcd_spi_lpc1700.o
    0x00000834   0x00000834   0x00000028   Code   RO           98    i.GLCD_DisplayString  glcd_spi_lpc1700.o
    0x0000085c   0x0000085c   0x0000009c   Code   RO           99    i.GLCD_DrawChar     glcd_spi_lpc1700.o
    0x000008f8   0x000008f8   0x000005e8   Code   RO          100    i.GLCD_Init         glcd_spi_lpc1700.o
    0x00000ee0   0x00000ee0   0x0000000c   Code   RO          103    i.GLCD_SetBackColor  glcd_spi_lpc1700.o
    0x00000eec   0x00000eec   0x0000000c   Code   RO          104    i.GLCD_SetTextColor  glcd_spi_lpc1700.o
    0x00000ef8   0x00000ef8   0x000000ac   Code   RO          105    i.GLCD_SetWindow    glcd_spi_lpc1700.o
    0x00000fa4   0x00000fa4   0x00000012   Code   RO          106    i.GLCD_WindowMax    glcd_spi_lpc1700.o
    0x00000fb6   0x00000fb6   0x00000002   PAD
    0x00000fb8   0x00000fb8   0x0000003c   Code   RO          298    i.KBD_Init          kbd.o
    0x00000ff4   0x00000ff4   0x00000010   Code   RO          299    i.KBD_get           kbd.o
    0x00001004   0x00001004   0x00000030   Code   RO          344    i.LED_Init          led.o
    0x00001034   0x00001034   0x00000030   Code   RO          655    i.RdCmdDat          usbhw.o
    0x00001064   0x00001064   0x00000140   Code   RO          979    i.SystemClockUpdate  system_lpc17xx.o
    0x000011a4   0x000011a4   0x00000140   Code   RO          981    i.SystemInit        system_lpc17xx.o
    0x000012e4   0x000012e4   0x00000110   Code   RO          619    i.TIMER0_IRQHandler  usbdmain.o
    0x000013f4   0x000013f4   0x00000020   Code   RO          657    i.USB_ClrStallEP    usbhw.o
    0x00001414   0x00001414   0x0000004c   Code   RO          658    i.USB_ConfigEP      usbhw.o
    0x00001460   0x00001460   0x00000044   Code   RO          659    i.USB_Configure     usbhw.o
    0x000014a4   0x000014a4   0x00000020   Code   RO          660    i.USB_Connect       usbhw.o
    0x000014c4   0x000014c4   0x00000024   Code   RO          661    i.USB_DMA_BufAdr    usbhw.o
    0x000014e8   0x000014e8   0x00000018   Code   RO          664    i.USB_DMA_Enable    usbhw.o
    0x00001500   0x00001500   0x0000010c   Code   RO          665    i.USB_DMA_Setup     usbhw.o
    0x0000160c   0x0000160c   0x00000038   Code   RO          502    i.USB_DataInStage   usbcore.o
    0x00001644   0x00001644   0x00000028   Code   RO          503    i.USB_DataOutStage  usbcore.o
    0x0000166c   0x0000166c   0x00000002   Code   RO          667    i.USB_DirCtrlEP     usbhw.o
    0x0000166e   0x0000166e   0x00000002   PAD
    0x00001670   0x00001670   0x00000024   Code   RO          668    i.USB_DisableEP     usbhw.o
    0x00001694   0x00001694   0x00000020   Code   RO          669    i.USB_EnableEP      usbhw.o
    0x000016b4   0x000016b4   0x00000330   Code   RO          504    i.USB_EndPoint0     usbcore.o
    0x000019e4   0x000019e4   0x000000b8   Code   RO          869    i.USB_EndPoint3     usbuser.o
    0x00001a9c   0x00001a9c   0x0000021c   Code   RO          671    i.USB_IRQHandler    usbhw.o
    0x00001cb8   0x00001cb8   0x000000a0   Code   RO          672    i.USB_Init          usbhw.o
    0x00001d58   0x00001d58   0x0000006c   Code   RO          673    i.USB_ReadEP        usbhw.o
    0x00001dc4   0x00001dc4   0x000000b8   Code   RO          563    i.USB_ReqGetDescriptor  usbcore.o
    0x00001e7c   0x00001e7c   0x000000c0   Code   RO          551    i.USB_ReqGetStatus  usbcore.o
    0x00001f3c   0x00001f3c   0x000000ec   Code   RO          557    i.USB_ReqSetClrFeature  usbcore.o
    0x00002028   0x00002028   0x000001b8   Code   RO          569    i.USB_ReqSetConfiguration  usbcore.o
    0x000021e0   0x000021e0   0x00000130   Code   RO          575    i.USB_ReqSetInterface  usbcore.o
    0x00002310   0x00002310   0x000000c4   Code   RO          674    i.USB_Reset         usbhw.o
    0x000023d4   0x000023d4   0x0000003c   Code   RO          505    i.USB_ResetCore     usbcore.o
    0x00002410   0x00002410   0x00000020   Code   RO          675    i.USB_ResetEP       usbhw.o
    0x00002430   0x00002430   0x00000008   Code   RO          876    i.USB_Reset_Event   usbuser.o
    0x00002438   0x00002438   0x00000002   Code   RO          676    i.USB_Resume        usbhw.o
    0x0000243a   0x0000243a   0x00000002   Code   RO          877    i.USB_SOF_Event     usbuser.o
    0x0000243c   0x0000243c   0x00000030   Code   RO          677    i.USB_SetAddress    usbhw.o
    0x0000246c   0x0000246c   0x00000024   Code   RO          678    i.USB_SetStallEP    usbhw.o
    0x00002490   0x00002490   0x00000010   Code   RO          506    i.USB_SetupStage    usbcore.o
    0x000024a0   0x000024a0   0x0000000e   Code   RO          507    i.USB_StatusInStage  usbcore.o
    0x000024ae   0x000024ae   0x00000002   PAD
    0x000024b0   0x000024b0   0x00000010   Code   RO          508    i.USB_StatusOutStage  usbcore.o
    0x000024c0   0x000024c0   0x00000002   Code   RO          679    i.USB_Suspend       usbhw.o
    0x000024c2   0x000024c2   0x00000002   Code   RO          681    i.USB_WakeUpCfg     usbhw.o
    0x000024c4   0x000024c4   0x00000054   Code   RO          682    i.USB_WriteEP       usbhw.o
    0x00002518   0x00002518   0x00000028   Code   RO          683    i.WrCmd             usbhw.o
    0x00002540   0x00002540   0x00000044   Code   RO          684    i.WrCmdDat          usbhw.o
    0x00002584   0x00002584   0x00000058   Code   RO          685    i.WrCmdEP           usbhw.o
    0x000025dc   0x000025dc   0x00000046   Code   RO         2379    i._init_box         RTX_CM3.lib(rt_membox.o)
    0x00002622   0x00002622   0x00000002   PAD
    0x00002624   0x00002624   0x00000020   Code   RO         1226    i._mutex_acquire    rtx_conf_cm_1.o
    0x00002644   0x00002644   0x0000001c   Code   RO         1228    i._mutex_release    rtx_conf_cm_1.o
    0x00002660   0x00002660   0x000000a8   Code   RO         1110    i.basketballGame    hoop.o
    0x00002708   0x00002708   0x00000030   Code   RO         2432    i.dbg_init          RTX_CM3.lib(hal_cm.o)
    0x00002738   0x00002738   0x00000020   Code   RO         2433    i.dbg_task_notify   RTX_CM3.lib(hal_cm.o)
    0x00002758   0x00002758   0x00000010   Code   RO         2434    i.dbg_task_switch   RTX_CM3.lib(hal_cm.o)
    0x00002768   0x00002768   0x0000000e   Code   RO          109    i.delay             glcd_spi_lpc1700.o
    0x00002776   0x00002776   0x0000000c   Code   RO          390    i.delay             main.o
    0x00002782   0x00002782   0x00000002   PAD
    0x00002784   0x00002784   0x00000050   Code   RO         1111    i.drawArrow         hoop.o
    0x000027d4   0x000027d4   0x0000012c   Code   RO         1112    i.drawBackboard     hoop.o
    0x00002900   0x00002900   0x00000028   Code   RO         1113    i.drawBall          hoop.o
    0x00002928   0x00002928   0x00000050   Code   RO         1114    i.drawPowerBar      hoop.o
    0x00002978   0x00002978   0x0000009c   Code   RO         1115    i.gameOverPrompt    hoop.o
    0x00002a14   0x00002a14   0x0000013c   Code   RO         1116    i.getDifficulty     hoop.o
    0x00002b50   0x00002b50   0x00000014   Code   RO          300    i.get_button        kbd.o
    0x00002b64   0x00002b64   0x00000044   Code   RO          620    i.get_potval        usbdmain.o
    0x00002ba8   0x00002ba8   0x0000002a   Code   RO         1285    i.isrMessageGet     RTX_CM3.lib(rt_cmsis.o)
    0x00002bd2   0x00002bd2   0x0000002c   Code   RO         1286    i.isrMessagePut     RTX_CM3.lib(rt_cmsis.o)
    0x00002bfe   0x00002bfe   0x00000002   PAD
    0x00002c00   0x00002c00   0x00000056   Code   RO         2234    i.isr_mbx_receive   RTX_CM3.lib(rt_mailbox.o)
    0x00002c56   0x00002c56   0x0000000e   Code   RO         2235    i.isr_mbx_send      RTX_CM3.lib(rt_mailbox.o)
    0x00002c64   0x00002c64   0x00000016   Code   RO          391    i.main              main.o
    0x00002c7a   0x00002c7a   0x00000002   PAD
    0x00002c7c   0x00002c7c   0x00000390   Code   RO          392    i.main_menu         main.o
    0x0000300c   0x0000300c   0x00000050   Code   RO         1117    i.missedPrompt      hoop.o
    0x0000305c   0x0000305c   0x00000108   Code   RO          621    i.mp3_player        usbdmain.o
    0x00003164   0x00003164   0x00000024   Code   RO         1290    i.osKernelInitialize  RTX_CM3.lib(rt_cmsis.o)
    0x00003188   0x00003188   0x0000006c   Code   RO         1292    i.osKernelStart     RTX_CM3.lib(rt_cmsis.o)
    0x000031f4   0x000031f4   0x00000018   Code   RO         1301    i.osMessageGet      RTX_CM3.lib(rt_cmsis.o)
    0x0000320c   0x0000320c   0x0000002c   Code   RO         1318    i.osThreadCreate    RTX_CM3.lib(rt_cmsis.o)
    0x00003238   0x00003238   0x00000018   Code   RO         1319    i.osThreadExit      RTX_CM3.lib(rt_cmsis.o)
    0x00003250   0x00003250   0x0000000c   Code   RO         1325    i.osTimerCall       RTX_CM3.lib(rt_cmsis.o)
    0x0000325c   0x0000325c   0x0000002c   Code   RO         1330    i.osTimerThread     RTX_CM3.lib(rt_cmsis.o)
    0x00003288   0x00003288   0x00000022   Code   RO         1229    i.os_error          rtx_conf_cm_1.o
    0x000032aa   0x000032aa   0x00000004   Code   RO         1230    i.os_idle_demon     rtx_conf_cm_1.o
    0x000032ae   0x000032ae   0x00000002   PAD
    0x000032b0   0x000032b0   0x00000028   Code   RO         2026    i.os_tick_init      RTX_CM3.lib(rt_system.o)
    0x000032d8   0x000032d8   0x00000002   Code   RO         2027    i.os_tick_irqack    RTX_CM3.lib(rt_system.o)
    0x000032da   0x000032da   0x00000002   PAD
    0x000032dc   0x000032dc   0x00000168   Code   RO          393    i.photo_gallery     main.o
    0x00003444   0x00003444   0x0000008c   Code   RO          110    i.rd_id_man         glcd_spi_lpc1700.o
    0x000034d0   0x000034d0   0x00000048   Code   RO          111    i.rd_reg            glcd_spi_lpc1700.o
    0x00003518   0x00003518   0x0000001a   Code   RO         2380    i.rt_alloc_box      RTX_CM3.lib(rt_membox.o)
    0x00003532   0x00003532   0x0000003e   Code   RO         2408    i.rt_alloc_mem      RTX_CM3.lib(rt_memory.o)
    0x00003570   0x00003570   0x00000038   Code   RO         1907    i.rt_block          RTX_CM3.lib(rt_task.o)
    0x000035a8   0x000035a8   0x00000048   Code   RO         2357    i.rt_chk_robin      RTX_CM3.lib(rt_robin.o)
    0x000035f0   0x000035f0   0x00000070   Code   RO         2158    i.rt_dec_dly        RTX_CM3.lib(rt_list.o)
    0x00003660   0x00003660   0x00000044   Code   RO         1908    i.rt_dispatch       RTX_CM3.lib(rt_task.o)
    0x000036a4   0x000036a4   0x00000050   Code   RO         2119    i.rt_evt_psh        RTX_CM3.lib(rt_event.o)
    0x000036f4   0x000036f4   0x0000002c   Code   RO         2381    i.rt_free_box       RTX_CM3.lib(rt_membox.o)
    0x00003720   0x00003720   0x00000028   Code   RO         2409    i.rt_free_mem       RTX_CM3.lib(rt_memory.o)
    0x00003748   0x00003748   0x00000028   Code   RO         2159    i.rt_get_first      RTX_CM3.lib(rt_list.o)
    0x00003770   0x00003770   0x00000008   Code   RO         1335    i.rt_id2obj         RTX_CM3.lib(rt_cmsis.o)
    0x00003778   0x00003778   0x00000048   Code   RO         1909    i.rt_init_context   RTX_CM3.lib(rt_task.o)
    0x000037c0   0x000037c0   0x0000001a   Code   RO         2410    i.rt_init_mem       RTX_CM3.lib(rt_memory.o)
    0x000037da   0x000037da   0x00000002   PAD
    0x000037dc   0x000037dc   0x00000018   Code   RO         2358    i.rt_init_robin     RTX_CM3.lib(rt_robin.o)
    0x000037f4   0x000037f4   0x00000080   Code   RO         2435    i.rt_init_stack     RTX_CM3.lib(hal_cm.o)
    0x00003874   0x00003874   0x00000008   Code   RO         2236    i.rt_mbx_check      RTX_CM3.lib(rt_mailbox.o)
    0x0000387c   0x0000387c   0x0000001a   Code   RO         2237    i.rt_mbx_init       RTX_CM3.lib(rt_mailbox.o)
    0x00003896   0x00003896   0x00000002   PAD
    0x00003898   0x00003898   0x000000f0   Code   RO         2238    i.rt_mbx_psh        RTX_CM3.lib(rt_mailbox.o)
    0x00003988   0x00003988   0x000000b4   Code   RO         2240    i.rt_mbx_wait       RTX_CM3.lib(rt_mailbox.o)
    0x00003a3c   0x00003a3c   0x00000044   Code   RO         1336    i.rt_ms2tick        RTX_CM3.lib(rt_cmsis.o)
    0x00003a80   0x00003a80   0x000000d8   Code   RO         1993    i.rt_mut_release    RTX_CM3.lib(rt_mutex.o)
    0x00003b58   0x00003b58   0x00000078   Code   RO         1994    i.rt_mut_wait       RTX_CM3.lib(rt_mutex.o)
    0x00003bd0   0x00003bd0   0x0000007c   Code   RO         2030    i.rt_pop_req        RTX_CM3.lib(rt_system.o)
    0x00003c4c   0x00003c4c   0x00000020   Code   RO         2031    i.rt_psh_req        RTX_CM3.lib(rt_system.o)
    0x00003c6c   0x00003c6c   0x0000005c   Code   RO         2161    i.rt_psq_enq        RTX_CM3.lib(rt_list.o)
    0x00003cc8   0x00003cc8   0x00000048   Code   RO         2162    i.rt_put_dly        RTX_CM3.lib(rt_list.o)
    0x00003d10   0x00003d10   0x00000036   Code   RO         2163    i.rt_put_prio       RTX_CM3.lib(rt_list.o)
    0x00003d46   0x00003d46   0x00000002   PAD
    0x00003d48   0x00003d48   0x00000014   Code   RO         2164    i.rt_put_rdy_first  RTX_CM3.lib(rt_list.o)
    0x00003d5c   0x00003d5c   0x00000034   Code   RO         2165    i.rt_resort_prio    RTX_CM3.lib(rt_list.o)
    0x00003d90   0x00003d90   0x00000006   Code   RO         2436    i.rt_ret_val        RTX_CM3.lib(hal_cm.o)
    0x00003d96   0x00003d96   0x00000008   Code   RO         2437    i.rt_ret_val2       RTX_CM3.lib(hal_cm.o)
    0x00003d9e   0x00003d9e   0x00000028   Code   RO         2166    i.rt_rmv_dly        RTX_CM3.lib(rt_list.o)
    0x00003dc6   0x00003dc6   0x00000002   PAD
    0x00003dc8   0x00003dc8   0x00000030   Code   RO         2167    i.rt_rmv_list       RTX_CM3.lib(rt_list.o)
    0x00003df8   0x00003df8   0x00000034   Code   RO         2285    i.rt_sem_psh        RTX_CM3.lib(rt_semaphore.o)
    0x00003e2c   0x00003e2c   0x00000024   Code   RO         2033    i.rt_stk_check      RTX_CM3.lib(rt_system.o)
    0x00003e50   0x00003e50   0x00000028   Code   RO         1910    i.rt_switch_req     RTX_CM3.lib(rt_task.o)
    0x00003e78   0x00003e78   0x000000cc   Code   RO         1911    i.rt_sys_init       RTX_CM3.lib(rt_task.o)
    0x00003f44   0x00003f44   0x00000078   Code   RO         1912    i.rt_sys_start      RTX_CM3.lib(rt_task.o)
    0x00003fbc   0x00003fbc   0x00000040   Code   RO         2035    i.rt_systick        RTX_CM3.lib(rt_system.o)
    0x00003ffc   0x00003ffc   0x00000012   Code   RO         1337    i.rt_tid2ptcb       RTX_CM3.lib(rt_cmsis.o)
    0x0000400e   0x0000400e   0x00000002   PAD
    0x00004010   0x00004010   0x00000034   Code   RO         1338    i.rt_timer_insert   RTX_CM3.lib(rt_cmsis.o)
    0x00004044   0x00004044   0x00000088   Code   RO         1913    i.rt_tsk_create     RTX_CM3.lib(rt_task.o)
    0x000040cc   0x000040cc   0x0000017c   Code   RO         1914    i.rt_tsk_delete     RTX_CM3.lib(rt_task.o)
    0x00004248   0x00004248   0x0000007c   Code   RO         1916    i.rt_tsk_prio       RTX_CM3.lib(rt_task.o)
    0x000042c4   0x000042c4   0x00000010   Code   RO         1917    i.rt_tsk_self       RTX_CM3.lib(rt_task.o)
    0x000042d4   0x000042d4   0x00000050   Code   RO         1118    i.scoredPrompt      hoop.o
    0x00004324   0x00004324   0x000000d0   Code   RO         1119    i.setDifficultySettings  hoop.o
    0x000043f4   0x000043f4   0x00000020   Code   RO          112    i.spi_tran          glcd_spi_lpc1700.o
    0x00004414   0x00004414   0x00000080   Code   RO          113    i.spi_tran_man      glcd_spi_lpc1700.o
    0x00004494   0x00004494   0x00000070   Code   RO         1341    i.svcKernelInitialize  RTX_CM3.lib(rt_cmsis.o)
    0x00004504   0x00004504   0x00000048   Code   RO         1343    i.svcKernelStart    RTX_CM3.lib(rt_cmsis.o)
    0x0000454c   0x0000454c   0x00000024   Code   RO         1346    i.svcMessageCreate  RTX_CM3.lib(rt_cmsis.o)
    0x00004570   0x00004570   0x0000003a   Code   RO         1347    i.svcMessageGet     RTX_CM3.lib(rt_cmsis.o)
    0x000045aa   0x000045aa   0x00000002   PAD
    0x000045ac   0x000045ac   0x0000006c   Code   RO         1361    i.svcThreadCreate   RTX_CM3.lib(rt_cmsis.o)
    0x00004618   0x00004618   0x0000001c   Code   RO         1362    i.svcThreadGetId    RTX_CM3.lib(rt_cmsis.o)
    0x00004634   0x00004634   0x00000038   Code   RO         1365    i.svcThreadTerminate  RTX_CM3.lib(rt_cmsis.o)
    0x0000466c   0x0000466c   0x00000018   Code   RO         1367    i.svcTimerCall      RTX_CM3.lib(rt_cmsis.o)
    0x00004684   0x00004684   0x0000005c   Code   RO         1376    i.sysTimerTick      RTX_CM3.lib(rt_cmsis.o)
    0x000046e0   0x000046e0   0x00000198   Code   RO         1120    i.throwBall         hoop.o
    0x00004878   0x00004878   0x00000028   Code   RO          114    i.wr_cmd            glcd_spi_lpc1700.o
    0x000048a0   0x000048a0   0x00000028   Code   RO          115    i.wr_dat            glcd_spi_lpc1700.o
    0x000048c8   0x000048c8   0x00000012   Code   RO          116    i.wr_dat_only       glcd_spi_lpc1700.o
    0x000048da   0x000048da   0x00000002   PAD
    0x000048dc   0x000048dc   0x00000014   Code   RO          117    i.wr_dat_start      glcd_spi_lpc1700.o
    0x000048f0   0x000048f0   0x0000000c   Code   RO          118    i.wr_dat_stop       glcd_spi_lpc1700.o
    0x000048fc   0x000048fc   0x00000014   Code   RO          119    i.wr_reg            glcd_spi_lpc1700.o
    0x00004910   0x00004910   0x00000150   Code   RO         2541    x$fpl$dadd          fz_ws.l(daddsub_clz.o)
    0x00004a60   0x00004a60   0x00000018   Code   RO         2620    x$fpl$dcmpinf       fz_ws.l(dcmpi.o)
    0x00004a78   0x00004a78   0x0000005e   Code   RO         2547    x$fpl$dfix          fz_ws.l(dfix.o)
    0x00004ad6   0x00004ad6   0x0000002e   Code   RO         2552    x$fpl$dflt          fz_ws.l(dflt_clz.o)
    0x00004b04   0x00004b04   0x00000078   Code   RO         2557    x$fpl$dleqf         fz_ws.l(dleqf.o)
    0x00004b7c   0x00004b7c   0x00000154   Code   RO         2559    x$fpl$dmul          fz_ws.l(dmul.o)
    0x00004cd0   0x00004cd0   0x0000009c   Code   RO         2622    x$fpl$dnaninf       fz_ws.l(dnaninf.o)
    0x00004d6c   0x00004d6c   0x0000000c   Code   RO         2624    x$fpl$dretinf       fz_ws.l(dretinf.o)
    0x00004d78   0x00004d78   0x000001d4   Code   RO         2543    x$fpl$dsub          fz_ws.l(daddsub_clz.o)
    0x00004f4c   0x00004f4c   0x00000000   Code   RO         2626    x$fpl$usenofp       fz_ws.l(usenofp.o)
    0x00004f4c   0x00004f4c   0x00001880   Data   RO          120    .constdata          glcd_spi_lpc1700.o
    0x000067cc   0x000067cc   0x00041a03   Data   RO          395    .constdata          main.o
    0x000481cf   0x000481cf   0x000000e4   Data   RO          607    .constdata          usbdesc.o
    0x000482b3   0x000482b3   0x00000001   PAD
    0x000482b4   0x000482b4   0x00000010   Data   RO          687    .constdata          usbhw.o
    0x000482c4   0x000482c4   0x00000040   Data   RO          878    .constdata          usbuser.o
    0x00048304   0x00048304   0x0002023a   Data   RO         1122    .constdata          hoop.o
    0x0006853e   0x0006853e   0x00000002   PAD
    0x00068540   0x00068540   0x00000068   Data   RO         1232    .constdata          rtx_conf_cm_1.o
    0x000685a8   0x000685a8   0x00000030   Data   RO         2734    Region$$Table       anon$$obj.o


    Execution Region RW_IRAM1 (Exec base: 0x10000000, Load base: 0x000685d8, Size: 0x00000bc8, Max: 0x00008000, ABSOLUTE)

    Exec Addr    Load Addr    Size         Type   Attr      Idx    E Section Name        Object

    0x10000000        -       0x00000bc8   Zero   RW         1231    .bss                rtx_conf_cm_1.o


    Execution Region RW_IRAM2 (Exec base: 0x2007c000, Load base: 0x000685d8, Size: 0x00000770, Max: 0x00008000, ABSOLUTE)

    Exec Addr    Load Addr    Size         Type   Attr      Idx    E Section Name        Object

    0x2007c000   0x000685d8   0x00000002   Data   RW            6    .data               adcuser.o
    0x2007c002   0x000685da   0x00000005   Data   RW          121    .data               glcd_spi_lpc1700.o
    0x2007c007   0x000685df   0x00000001   PAD
    0x2007c008   0x000685e0   0x00000014   Data   RW          396    .data               main.o
    0x2007c01c   0x000685f4   0x00000028   Data   RW          510    .data               usbcore.o
    0x2007c044   0x0006861c   0x00000020   Data   RW          622    .data               usbdmain.o
    0x2007c064   0x0006863c   0x00000008   Data   RW          688    .data               usbhw.o
    0x2007c06c   0x00068644   0x00000008   Data   RW          982    .data               system_lpc17xx.o
    0x2007c074   0x0006864c   0x00000024   Data   RW         1123    .data               hoop.o
    0x2007c098   0x00068670   0x00000014   Data   RW         1233    .data               rtx_conf_cm_1.o
    0x2007c0ac   0x00068684   0x00000008   Data   RW         1379    .data               RTX_CM3.lib(rt_cmsis.o)
    0x2007c0b4   0x0006868c   0x00000008   Data   RW         1919    .data               RTX_CM3.lib(rt_task.o)
    0x2007c0bc   0x00068694   0x00000008   Data   RW         2038    .data               RTX_CM3.lib(rt_system.o)
    0x2007c0c4   0x0006869c   0x00000004   Data   RW         2328    .data               RTX_CM3.lib(rt_time.o)
    0x2007c0c8   0x000686a0   0x00000008   Data   RW         2359    .data               RTX_CM3.lib(rt_robin.o)
    0x2007c0d0   0x000686a8   0x00000001   Data   RW         2438    .data               RTX_CM3.lib(hal_cm.o)
    0x2007c0d1   0x000686a9   0x00000003   PAD
    0x2007c0d4        -       0x00000040   Zero   RW          509    .bss                usbcore.o
    0x2007c114        -       0x00000080   Zero   RW          686    .bss                usbhw.o
    0x2007c194        -       0x00000014   Zero   RW         1121    .bss                hoop.o
    0x2007c1a8        -       0x00000034   Zero   RW         1918    .bss                RTX_CM3.lib(rt_task.o)
    0x2007c1dc        -       0x00000030   Zero   RW         2168    .bss                RTX_CM3.lib(rt_list.o)
    0x2007c20c        -       0x00000060   Zero   RW         2496    .bss                c_w.l(libspace.o)
    0x2007c26c        -       0x000000e4   Zero   RW         2532    .bss                c_w.l(rand.o)
    0x2007c350        -       0x00000000   Zero   RW         1010    HEAP                startup_lpc17xx.o
    0x2007c350        -       0x00000200   Zero   RW         1009    STACK               startup_lpc17xx.o
    0x2007c550        -       0x00000220   Zero   RW          689    USB_RAM             usbhw.o


==============================================================================

Image component sizes


      Code (inc. data)   RO Data    RW Data    ZI Data      Debug   Object Name

       248         32          0          2          0      11398   adcuser.o
         0          0          0          0          0         32   core_cm3.o
         0          0          0          0          0        392   feathers.o
         0          0          0          0          0        380   fur.o
      2778        100       6272          5          0      14727   glcd_spi_lpc1700.o
      1916        360     131642         36         20       8707   hoop.o
        96         22          0          0          0       1206   kbd.o
        48          8          0          0          0      15583   led.o
      1306        500     268803         20          0       3368   main.o
       126         26        104         20       3016       9203   rtx_conf_cm_1.o
        64         26        204          0        512        944   startup_lpc17xx.o
       640         36          0          8          0       1271   system_lpc17xx.o
      2374        236          0         40         64      11083   usbcore.o
         0          0        228          0          0        649   usbdesc.o
       604         94          0         32          0       7423   usbdmain.o
      2076        230         16          8        672      14036   usbhw.o
       194         20         64          0          0       1929   usbuser.o

    ----------------------------------------------------------------------
     12484       1690     407384        172       4284     102331   Object Totals
         0          0         48          0          0          0   (incl. Generated)
        14          0          3          1          0          0   (incl. Padding)

    ----------------------------------------------------------------------

      Code (inc. data)   RO Data    RW Data    ZI Data      Debug   Library Member Name

       238         24          0          1          0       3244   hal_cm.o
       304         36          0          0          0        756   hal_cm3.o
      1110        138          0          8          0      32233   rt_cmsis.o
        80          4          0          0          0        649   rt_event.o
       530         34          0          0         48       8157   rt_list.o
       554         10          0          0          0       3889   rt_mailbox.o
       140          0          0          0          0       1889   rt_membox.o
       128          0          0          0          0       2267   rt_memory.o
       336         14          0          0          0       1623   rt_mutex.o
        96         22          0          8          0       1134   rt_robin.o
        52          4          0          0          0        565   rt_semaphore.o
       298         52          0          8          0       6139   rt_system.o
      1216        174          0          8         52       9537   rt_task.o
         0          0          0          4          0        206   rt_time.o
         4          4          0          0          0        196   svc_table.o
         8          0          0          0          0         68   __main.o
       104          0          0          0          0         84   __printf.o
         0          0          0          0          0          0   __rtentry.o
        20          0          0          0          0          0   __rtentry2.o
         6          0          0          0          0          0   __rtentry4.o
        52          8          0          0          0          0   __scatter.o
        26          0          0          0          0          0   __scatter_copy.o
        28          0          0          0          0          0   __scatter_zi.o
        48          6          0          0          0         96   _printf_char_common.o
         6          0          0          0          0          0   _printf_d.o
       120         16          0          0          0         92   _printf_dec.o
       178          0          0          0          0         88   _printf_intcommon.o
         0          0          0          0          0          0   _printf_percent.o
         4          0          0          0          0          0   _printf_percent_end.o
        10          0          0          0          0         68   _sputc.o
        18          0          0          0          0         80   exit.o
         6          0          0          0          0        152   heapauxi.o
         0          0          0          0          0          0   indicate_semi.o
         2          0          0          0          0          0   libinit.o
         6          0          0          0          0          0   libinit2.o
         2          0          0          0          0          0   libshutdown.o
         2          0          0          0          0          0   libshutdown2.o
         8          4          0          0         96         68   libspace.o
        40          6          0          0          0         84   noretval__2sprintf.o
       112         18          0          0        228        160   rand.o
         2          0          0          0          0          0   rtexit.o
        10          0          0          0          0          0   rtexit2.o
        12          4          0          0          0         68   sys_exit.o
        74          0          0          0          0         80   sys_stackheap_outer.o
         2          0          0          0          0         68   use_no_semi.o
       804         16          0          0          0        272   daddsub_clz.o
        24          0          0          0          0         68   dcmpi.o
        94          4          0          0          0         92   dfix.o
        46          0          0          0          0         68   dflt_clz.o
       120          4          0          0          0         92   dleqf.o
       340         12          0          0          0        104   dmul.o
       156          4          0          0          0         92   dnaninf.o
        12          0          0          0          0         68   dretinf.o
         0          0          0          0          0          0   usenofp.o

    ----------------------------------------------------------------------
      7612        618          0         40        424      74596   Library Totals
        24          0          0          3          0          0   (incl. Padding)

    ----------------------------------------------------------------------

      Code (inc. data)   RO Data    RW Data    ZI Data      Debug   Library Name

      5086        516          0         37        100      72484   RTX_CM3.lib
       906         62          0          0        324       1256   c_w.l
      1596         40          0          0          0        856   fz_ws.l

    ----------------------------------------------------------------------
      7612        618          0         40        424      74596   Library Totals

    ----------------------------------------------------------------------

==============================================================================


      Code (inc. data)   RO Data    RW Data    ZI Data      Debug   

     20096       2308     407384        212       4708     167615   Grand Totals
     20096       2308     407384        212       4708     167615   ELF Image Totals
     20096       2308     407384        212          0          0   ROM Totals

==============================================================================

    Total RO  Size (Code + RO Data)               427480 ( 417.46kB)
    Total RW  Size (RW Data + ZI Data)              4920 (   4.80kB)
    Total ROM Size (Code + RO Data + RW Data)     427692 ( 417.67kB)

==============================================================================

